<html>
<body>
<pre>
<h1>礦ision Build Log</h1>
<h2>Tool Versions:</h2>
IDE-Version: μVision V5.29.0.0
Copyright (C) 2019 ARM Ltd and ARM Germany GmbH. All rights reserved.
License Information: chen 15151514819@163.com, chenke, LIC=----
 
Tool Versions:
Toolchain:       MDK-Lite  Version: 5.29.0.0
Toolchain Path:  C:\Keil_v5\ARM\ARMCC\Bin
C Compiler:      Armcc.exe V5.06 update 6 (build 750)
Assembler:       Armasm.exe V5.06 update 6 (build 750)
Linker/Locator:  ArmLink.exe V5.06 update 6 (build 750)
Library Manager: ArmAr.exe V5.06 update 6 (build 750)
Hex Converter:   FromElf.exe V5.06 update 6 (build 750)
CPU DLL:         SARMCM3.DLL V5.29.0.0
Dialog DLL:      DCM.DLL V1.17.3.0
Target DLL:      STLink\ST-LINKIII-KEIL_SWO.dll V3.0.7.0
Dialog DLL:      TCM.DLL V1.36.5.0
 
<h2>Project:</h2>
E:\u盘\stm32\f429\F429标准库例程\1-书籍配套例程-F429IG-V1V2\30-ADC电压采集\F429_V1\HT-IMS\Project\RVMDK（uv5）\BH-F429.uvprojx
Project File Date:  06/27/2022

<h2>Output:</h2>
*** Using Compiler 'V5.06 update 6 (build 750)', folder: 'C:\Keil_v5\ARM\ARMCC\Bin'
Rebuild target 'ADC-单通道-中断'
assembling startup_stm32f429_439xx.s...
compiling system_stm32f4xx.c...
compiling stm32f4xx_cec.c...
compiling misc.c...
compiling stm32f4xx_crc.c...
compiling stm32f4xx_can.c...
compiling stm32f4xx_adc.c...
compiling stm32f4xx_cryp.c...
compiling stm32f4xx_cryp_des.c...
compiling stm32f4xx_cryp_tdes.c...
compiling stm32f4xx_dbgmcu.c...
compiling stm32f4xx_dac.c...
compiling stm32f4xx_dcmi.c...
compiling stm32f4xx_dma.c...
compiling stm32f4xx_cryp_aes.c...
compiling stm32f4xx_flash_ramfunc.c...
compiling stm32f4xx_dma2d.c...
compiling stm32f4xx_gpio.c...
compiling stm32f4xx_fmpi2c.c...
compiling stm32f4xx_exti.c...
compiling stm32f4xx_flash.c...
compiling stm32f4xx_fmc.c...
compiling stm32f4xx_iwdg.c...
compiling stm32f4xx_hash_sha1.c...
compiling stm32f4xx_hash_md5.c...
compiling stm32f4xx_pwr.c...
compiling stm32f4xx_ltdc.c...
compiling stm32f4xx_hash.c...
compiling stm32f4xx_i2c.c...
compiling stm32f4xx_sai.c...
compiling stm32f4xx_rng.c...
compiling stm32f4xx_qspi.c...
compiling stm32f4xx_spdifrx.c...
compiling stm32f4xx_rcc.c...
compiling stm32f4xx_sdio.c...
compiling stm32f4xx_rtc.c...
compiling stm32f4xx_syscfg.c...
compiling main.c...
..\..\User\./sequence/sequence.h(48): warning:  #1-D: last line of file ends without a newline
  #endif
..\..\User\./time/bsp_time.h(44): warning:  #1-D: last line of file ends without a newline
  #endif 
..\..\User\./usart_dma/usart_dma.h(18): warning:  #1-D: last line of file ends without a newline
  #endif 
..\..\User\./HadamardOutput/bsp_dma_gpio.h(30): warning:  #1-D: last line of file ends without a newline
  #endif 
..\..\User\main.c: 4 warnings, 0 errors
compiling stm32f4xx_spi.c...
compiling stm32f4xx_wwdg.c...
compiling stm32f4xx_usart.c...
compiling stm32f4xx_it.c...
..\..\User\./time/bsp_time.h(44): warning:  #1-D: last line of file ends without a newline
  #endif 
..\..\User\./adc_dma/adc_dma.h(19): warning:  #1-D: last line of file ends without a newline
   
..\..\User\./usart_dma/usart_dma.h(18): warning:  #1-D: last line of file ends without a newline
  #endif 
..\..\User\./HadamardOutput/bsp_dma_gpio.h(30): warning:  #1-D: last line of file ends without a newline
  #endif 
..\..\User\./sequence/sequence.h(48): warning:  #1-D: last line of file ends without a newline
  #endif
..\..\User\stm32f4xx_it.c(63): warning:  #68-D: integer conversion resulted in a change of sign
         count=-1;
..\..\User\stm32f4xx_it.c: 6 warnings, 0 errors
compiling stm32f4xx_tim.c...
compiling bsp_time.c...
..\..\User\./time/bsp_time.h(44): warning:  #1-D: last line of file ends without a newline
  #endif 
..\..\User\./HadamardOutput/bsp_dma_gpio.h(30): warning:  #1-D: last line of file ends without a newline
  #endif 
..\..\User\time\bsp_time.c(141): warning:  #1-D: last line of file ends without a newline
   
..\..\User\time\bsp_time.c: 3 warnings, 0 errors
compiling bsp_led.c...
compiling key.c...
compiling sequence.c...
..\..\User\./sequence/sequence.h(48): warning:  #1-D: last line of file ends without a newline
  #endif
..\..\User\sequence\sequence.c(117): warning:  #1-D: last line of file ends without a newline
  }
..\..\User\sequence\sequence.c: 2 warnings, 0 errors
compiling bsp_debug_usart.c...
compiling bsp_adc.c...
compiling bsp_SysTick.c...
linking...
Program Size: Code=10740 RO-data=604 RW-data=236 ZI-data=57676  
FromELF: creating hex file...
"..\..\Output\ADC-单通道-中断.axf" - 0 Error(s), 15 Warning(s).

<h2>Software Packages used:</h2>

Package Vendor: Keil
                http://www.keil.com/pack/Keil.STM32F4xx_DFP.1.0.8.pack
                Keil.STM32F4xx_DFP.1.0.8
                STMicroelectronics STM32F4 Series Device Support, Drivers and Examples

<h2>Collection of Component include folders:</h2>
  .\RTE\_ADC-______-____
  C:\Users\15151\AppData\Local\Arm\Packs\Keil\STM32F4xx_DFP\1.0.8\Device\Include

<h2>Collection of Component Files used:</h2>
Build Time Elapsed:  00:00:14
</pre>
</body>
</html>
