Component: ARM Compiler 5.06 update 6 (build 750) Tool: armlink [4d35ed]

==============================================================================

Section Cross References

    startup_stm32f429_439xx.o(RESET) refers to startup_stm32f429_439xx.o(STACK) for __initial_sp
    startup_stm32f429_439xx.o(RESET) refers to startup_stm32f429_439xx.o(.text) for Reset_Handler
    startup_stm32f429_439xx.o(RESET) refers to stm32f4xx_it.o(i.SysTick_Handler) for SysTick_Handler
    startup_stm32f429_439xx.o(RESET) refers to stm32f4xx_it.o(i.EXTI0_IRQHandler) for EXTI0_IRQHandler
    startup_stm32f429_439xx.o(RESET) refers to stm32f4xx_it.o(i.TIM1_UP_TIM10_IRQHandler) for TIM1_UP_TIM10_IRQHandler
    startup_stm32f429_439xx.o(RESET) refers to stm32f4xx_it.o(i.TIM8_UP_TIM13_IRQHandler) for TIM8_UP_TIM13_IRQHandler
    startup_stm32f429_439xx.o(RESET) refers to stm32f4xx_it.o(i.DMA2_Stream0_IRQHandler) for DMA2_Stream0_IRQHandler
    startup_stm32f429_439xx.o(.text) refers to system_stm32f4xx.o(i.SystemInit) for SystemInit
    startup_stm32f429_439xx.o(.text) refers to bsp_sdram.o(i.SDRAM_Init) for SDRAM_Init
    startup_stm32f429_439xx.o(.text) refers to entry.o(.ARM.Collect$$$$00000000) for __main
    system_stm32f4xx.o(i.SystemCoreClockUpdate) refers to system_stm32f4xx.o(.data) for SystemCoreClock
    system_stm32f4xx.o(i.SystemInit) refers to system_stm32f4xx.o(i.SetSysClock) for SetSysClock
    stm32f4xx_adc.o(i.ADC_DeInit) refers to stm32f4xx_rcc.o(i.RCC_APB2PeriphResetCmd) for RCC_APB2PeriphResetCmd
    stm32f4xx_can.o(i.CAN_DeInit) refers to stm32f4xx_rcc.o(i.RCC_APB1PeriphResetCmd) for RCC_APB1PeriphResetCmd
    stm32f4xx_can.o(i.CAN_GetITStatus) refers to stm32f4xx_can.o(i.CheckITStatus) for CheckITStatus
    stm32f4xx_cryp.o(i.CRYP_DeInit) refers to stm32f4xx_rcc.o(i.RCC_AHB2PeriphResetCmd) for RCC_AHB2PeriphResetCmd
    stm32f4xx_cryp_aes.o(i.CRYP_AES_CBC) refers to stm32f4xx_cryp.o(i.CRYP_KeyStructInit) for CRYP_KeyStructInit
    stm32f4xx_cryp_aes.o(i.CRYP_AES_CBC) refers to stm32f4xx_cryp.o(i.CRYP_FIFOFlush) for CRYP_FIFOFlush
    stm32f4xx_cryp_aes.o(i.CRYP_AES_CBC) refers to stm32f4xx_cryp.o(i.CRYP_Init) for CRYP_Init
    stm32f4xx_cryp_aes.o(i.CRYP_AES_CBC) refers to stm32f4xx_cryp.o(i.CRYP_KeyInit) for CRYP_KeyInit
    stm32f4xx_cryp_aes.o(i.CRYP_AES_CBC) refers to stm32f4xx_cryp.o(i.CRYP_Cmd) for CRYP_Cmd
    stm32f4xx_cryp_aes.o(i.CRYP_AES_CBC) refers to stm32f4xx_cryp.o(i.CRYP_GetFlagStatus) for CRYP_GetFlagStatus
    stm32f4xx_cryp_aes.o(i.CRYP_AES_CBC) refers to stm32f4xx_cryp.o(i.CRYP_IVInit) for CRYP_IVInit
    stm32f4xx_cryp_aes.o(i.CRYP_AES_CBC) refers to stm32f4xx_cryp.o(i.CRYP_GetCmdStatus) for CRYP_GetCmdStatus
    stm32f4xx_cryp_aes.o(i.CRYP_AES_CBC) refers to stm32f4xx_cryp.o(i.CRYP_DataIn) for CRYP_DataIn
    stm32f4xx_cryp_aes.o(i.CRYP_AES_CBC) refers to stm32f4xx_cryp.o(i.CRYP_DataOut) for CRYP_DataOut
    stm32f4xx_cryp_aes.o(i.CRYP_AES_CCM) refers to stm32f4xx_cryp.o(i.CRYP_KeyStructInit) for CRYP_KeyStructInit
    stm32f4xx_cryp_aes.o(i.CRYP_AES_CCM) refers to stm32f4xx_cryp.o(i.CRYP_FIFOFlush) for CRYP_FIFOFlush
    stm32f4xx_cryp_aes.o(i.CRYP_AES_CCM) refers to stm32f4xx_cryp.o(i.CRYP_KeyInit) for CRYP_KeyInit
    stm32f4xx_cryp_aes.o(i.CRYP_AES_CCM) refers to stm32f4xx_cryp.o(i.CRYP_IVInit) for CRYP_IVInit
    stm32f4xx_cryp_aes.o(i.CRYP_AES_CCM) refers to stm32f4xx_cryp.o(i.CRYP_Init) for CRYP_Init
    stm32f4xx_cryp_aes.o(i.CRYP_AES_CCM) refers to stm32f4xx_cryp.o(i.CRYP_PhaseConfig) for CRYP_PhaseConfig
    stm32f4xx_cryp_aes.o(i.CRYP_AES_CCM) refers to stm32f4xx_cryp.o(i.CRYP_DataIn) for CRYP_DataIn
    stm32f4xx_cryp_aes.o(i.CRYP_AES_CCM) refers to stm32f4xx_cryp.o(i.CRYP_Cmd) for CRYP_Cmd
    stm32f4xx_cryp_aes.o(i.CRYP_AES_CCM) refers to stm32f4xx_cryp.o(i.CRYP_GetCmdStatus) for CRYP_GetCmdStatus
    stm32f4xx_cryp_aes.o(i.CRYP_AES_CCM) refers to stm32f4xx_cryp.o(i.CRYP_GetFlagStatus) for CRYP_GetFlagStatus
    stm32f4xx_cryp_aes.o(i.CRYP_AES_CCM) refers to stm32f4xx_cryp.o(i.CRYP_DataOut) for CRYP_DataOut
    stm32f4xx_cryp_aes.o(i.CRYP_AES_CTR) refers to stm32f4xx_cryp.o(i.CRYP_KeyStructInit) for CRYP_KeyStructInit
    stm32f4xx_cryp_aes.o(i.CRYP_AES_CTR) refers to stm32f4xx_cryp.o(i.CRYP_KeyInit) for CRYP_KeyInit
    stm32f4xx_cryp_aes.o(i.CRYP_AES_CTR) refers to stm32f4xx_cryp.o(i.CRYP_Init) for CRYP_Init
    stm32f4xx_cryp_aes.o(i.CRYP_AES_CTR) refers to stm32f4xx_cryp.o(i.CRYP_IVInit) for CRYP_IVInit
    stm32f4xx_cryp_aes.o(i.CRYP_AES_CTR) refers to stm32f4xx_cryp.o(i.CRYP_FIFOFlush) for CRYP_FIFOFlush
    stm32f4xx_cryp_aes.o(i.CRYP_AES_CTR) refers to stm32f4xx_cryp.o(i.CRYP_Cmd) for CRYP_Cmd
    stm32f4xx_cryp_aes.o(i.CRYP_AES_CTR) refers to stm32f4xx_cryp.o(i.CRYP_GetCmdStatus) for CRYP_GetCmdStatus
    stm32f4xx_cryp_aes.o(i.CRYP_AES_CTR) refers to stm32f4xx_cryp.o(i.CRYP_DataIn) for CRYP_DataIn
    stm32f4xx_cryp_aes.o(i.CRYP_AES_CTR) refers to stm32f4xx_cryp.o(i.CRYP_GetFlagStatus) for CRYP_GetFlagStatus
[...]
    ..\..\Libraries\STM32F4xx_StdPeriph_Driver\src\stm32f4xx_flash.c 0x00000000   Number         0  stm32f4xx_flash.o ABSOLUTE
    ..\..\Libraries\STM32F4xx_StdPeriph_Driver\src\stm32f4xx_flash_ramfunc.c 0x00000000   Number         0  stm32f4xx_flash_ramfunc.o ABSOLUTE
    ..\..\Libraries\STM32F4xx_StdPeriph_Driver\src\stm32f4xx_fmc.c 0x00000000   Number         0  stm32f4xx_fmc.o ABSOLUTE
    ..\..\Libraries\STM32F4xx_StdPeriph_Driver\src\stm32f4xx_fmpi2c.c 0x00000000   Number         0  stm32f4xx_fmpi2c.o ABSOLUTE
    ..\..\Libraries\STM32F4xx_StdPeriph_Driver\src\stm32f4xx_gpio.c 0x00000000   Number         0  stm32f4xx_gpio.o ABSOLUTE
    ..\..\Libraries\STM32F4xx_StdPeriph_Driver\src\stm32f4xx_hash.c 0x00000000   Number         0  stm32f4xx_hash.o ABSOLUTE
    ..\..\Libraries\STM32F4xx_StdPeriph_Driver\src\stm32f4xx_hash_md5.c 0x00000000   Number         0  stm32f4xx_hash_md5.o ABSOLUTE
    ..\..\Libraries\STM32F4xx_StdPeriph_Driver\src\stm32f4xx_hash_sha1.c 0x00000000   Number         0  stm32f4xx_hash_sha1.o ABSOLUTE
    ..\..\Libraries\STM32F4xx_StdPeriph_Driver\src\stm32f4xx_i2c.c 0x00000000   Number         0  stm32f4xx_i2c.o ABSOLUTE
    ..\..\Libraries\STM32F4xx_StdPeriph_Driver\src\stm32f4xx_iwdg.c 0x00000000   Number         0  stm32f4xx_iwdg.o ABSOLUTE
    ..\..\Libraries\STM32F4xx_StdPeriph_Driver\src\stm32f4xx_ltdc.c 0x00000000   Number         0  stm32f4xx_ltdc.o ABSOLUTE
    ..\..\Libraries\STM32F4xx_StdPeriph_Driver\src\stm32f4xx_pwr.c 0x00000000   Number         0  stm32f4xx_pwr.o ABSOLUTE
    ..\..\Libraries\STM32F4xx_StdPeriph_Driver\src\stm32f4xx_qspi.c 0x00000000   Number         0  stm32f4xx_qspi.o ABSOLUTE
    ..\..\Libraries\STM32F4xx_StdPeriph_Driver\src\stm32f4xx_rcc.c 0x00000000   Number         0  stm32f4xx_rcc.o ABSOLUTE
    ..\..\Libraries\STM32F4xx_StdPeriph_Driver\src\stm32f4xx_rng.c 0x00000000   Number         0  stm32f4xx_rng.o ABSOLUTE
    ..\..\Libraries\STM32F4xx_StdPeriph_Driver\src\stm32f4xx_rtc.c 0x00000000   Number         0  stm32f4xx_rtc.o ABSOLUTE
    ..\..\Libraries\STM32F4xx_StdPeriph_Driver\src\stm32f4xx_sai.c 0x00000000   Number         0  stm32f4xx_sai.o ABSOLUTE
    ..\..\Libraries\STM32F4xx_StdPeriph_Driver\src\stm32f4xx_sdio.c 0x00000000   Number         0  stm32f4xx_sdio.o ABSOLUTE
    ..\..\Libraries\STM32F4xx_StdPeriph_Driver\src\stm32f4xx_spdifrx.c 0x00000000   Number         0  stm32f4xx_spdifrx.o ABSOLUTE
    ..\..\Libraries\STM32F4xx_StdPeriph_Driver\src\stm32f4xx_spi.c 0x00000000   Number         0  stm32f4xx_spi.o ABSOLUTE
    ..\..\Libraries\STM32F4xx_StdPeriph_Driver\src\stm32f4xx_syscfg.c 0x00000000   Number         0  stm32f4xx_syscfg.o ABSOLUTE
    ..\..\Libraries\STM32F4xx_StdPeriph_Driver\src\stm32f4xx_tim.c 0x00000000   Number         0  stm32f4xx_tim.o ABSOLUTE
    ..\..\Libraries\STM32F4xx_StdPeriph_Driver\src\stm32f4xx_usart.c 0x00000000   Number         0  stm32f4xx_usart.o ABSOLUTE
    ..\..\Libraries\STM32F4xx_StdPeriph_Driver\src\stm32f4xx_wwdg.c 0x00000000   Number         0  stm32f4xx_wwdg.o ABSOLUTE
    ..\..\User\MatrixFunctions\arm_mat_add_f32.c 0x00000000   Number         0  arm_mat_add_f32.o ABSOLUTE
    ..\..\User\MatrixFunctions\arm_mat_add_q15.c 0x00000000   Number         0  arm_mat_add_q15.o ABSOLUTE
    ..\..\User\MatrixFunctions\arm_mat_add_q31.c 0x00000000   Number         0  arm_mat_add_q31.o ABSOLUTE
    ..\..\User\MatrixFunctions\arm_mat_cmplx_mult_f32.c 0x00000000   Number         0  arm_mat_cmplx_mult_f32.o ABSOLUTE
    ..\..\User\MatrixFunctions\arm_mat_cmplx_mult_q15.c 0x00000000   Number         0  arm_mat_cmplx_mult_q15.o ABSOLUTE
    ..\..\User\MatrixFunctions\arm_mat_cmplx_mult_q31.c 0x00000000   Number         0  arm_mat_cmplx_mult_q31.o ABSOLUTE
    ..\..\User\MatrixFunctions\arm_mat_init_f32.c 0x00000000   Number         0  arm_mat_init_f32.o ABSOLUTE
    ..\..\User\MatrixFunctions\arm_mat_init_q15.c 0x00000000   Number         0  arm_mat_init_q15.o ABSOLUTE
    ..\..\User\MatrixFunctions\arm_mat_init_q31.c 0x00000000   Number         0  arm_mat_init_q31.o ABSOLUTE
    ..\..\User\MatrixFunctions\arm_mat_inverse_f32.c 0x00000000   Number         0  arm_mat_inverse_f32.o ABSOLUTE
    ..\..\User\MatrixFunctions\arm_mat_inverse_f64.c 0x00000000   Number         0  arm_mat_inverse_f64.o ABSOLUTE
    ..\..\User\MatrixFunctions\arm_mat_mult_f32.c 0x00000000   Number         0  arm_mat_mult_f32.o ABSOLUTE
    ..\..\User\MatrixFunctions\arm_mat_mult_fast_q15.c 0x00000000   Number         0  arm_mat_mult_fast_q15.o ABSOLUTE
    ..\..\User\MatrixFunctions\arm_mat_mult_fast_q31.c 0x00000000   Number         0  arm_mat_mult_fast_q31.o ABSOLUTE
    ..\..\User\MatrixFunctions\arm_mat_mult_q15.c 0x00000000   Number         0  arm_mat_mult_q15.o ABSOLUTE
    ..\..\User\MatrixFunctions\arm_mat_mult_q31.c 0x00000000   Number         0  arm_mat_mult_q31.o ABSOLUTE
    ..\..\User\MatrixFunctions\arm_mat_scale_f32.c 0x00000000   Number         0  arm_mat_scale_f32.o ABSOLUTE
    ..\..\User\MatrixFunctions\arm_mat_scale_q15.c 0x00000000   Number         0  arm_mat_scale_q15.o ABSOLUTE
    ..\..\User\MatrixFunctions\arm_mat_scale_q31.c 0x00000000   Number         0  arm_mat_scale_q31.o ABSOLUTE
    ..\..\User\MatrixFunctions\arm_mat_sub_f32.c 0x00000000   Number         0  arm_mat_sub_f32.o ABSOLUTE
    ..\..\User\MatrixFunctions\arm_mat_sub_q15.c 0x00000000   Number         0  arm_mat_sub_q15.o ABSOLUTE
    ..\..\User\MatrixFunctions\arm_mat_sub_q31.c 0x00000000   Number         0  arm_mat_sub_q31.o ABSOLUTE
    ..\..\User\MatrixFunctions\arm_mat_trans_f32.c 0x00000000   Number         0  arm_mat_trans_f32.o ABSOLUTE
    ..\..\User\MatrixFunctions\arm_mat_trans_q15.c 0x00000000   Number         0  arm_mat_trans_q15.o ABSOLUTE
    ..\..\User\MatrixFunctions\arm_mat_trans_q31.c 0x00000000   Number         0  arm_mat_trans_q31.o ABSOLUTE
    ..\..\User\adc\bsp_adc.c                 0x00000000   Number         0  bsp_adc.o ABSOLUTE
    ..\..\User\hadamard\hadamard.c           0x00000000   Number         0  hadamard.o ABSOLUTE
    ..\..\User\key\key.c                     0x00000000   Number         0  key.o ABSOLUTE
    ..\..\User\led\bsp_led.c                 0x00000000   Number         0  bsp_led.o ABSOLUTE
    ..\..\User\main.c                        0x00000000   Number         0  main.o ABSOLUTE
    ..\..\User\sdram\bsp_sdram.c             0x00000000   Number         0  bsp_sdram.o ABSOLUTE
    ..\..\User\sequence\sequence.c           0x00000000   Number         0  sequence.o ABSOLUTE
    ..\..\User\stm32f4xx_it.c                0x00000000   Number         0  stm32f4xx_it.o ABSOLUTE
    ..\..\User\systick\bsp_SysTick.c         0x00000000   Number         0  bsp_systick.o ABSOLUTE
    ..\..\User\time\bsp_time.c               0x00000000   Number         0  bsp_time.o ABSOLUTE
    ..\..\User\usart\bsp_debug_usart.c       0x00000000   Number         0  bsp_debug_usart.o ABSOLUTE
    ..\..\User\usart_dma\usart_dma.c         0x00000000   Number         0  usart_dma.o ABSOLUTE
    ..\\..\\Libraries\\CMSIS\\Device\\ST\\STM32F4xx\\Source\\Templates\\system_stm32f4xx.c 0x00000000   Number         0  system_stm32f4xx.o ABSOLUTE
    ..\\..\\Libraries\\STM32F4xx_StdPeriph_Driver\\src\\misc.c 0x00000000   Number         0  misc.o ABSOLUTE
    ..\\..\\Libraries\\STM32F4xx_StdPeriph_Driver\\src\\stm32f4xx_adc.c 0x00000000   Number         0  stm32f4xx_adc.o ABSOLUTE
    ..\\..\\Libraries\\STM32F4xx_StdPeriph_Driver\\src\\stm32f4xx_can.c 0x00000000   Number         0  stm32f4xx_can.o ABSOLUTE
    ..\\..\\Libraries\\STM32F4xx_StdPeriph_Driver\\src\\stm32f4xx_cec.c 0x00000000   Number         0  stm32f4xx_cec.o ABSOLUTE
    ..\\..\\Libraries\\STM32F4xx_StdPeriph_Driver\\src\\stm32f4xx_crc.c 0x00000000   Number         0  stm32f4xx_crc.o ABSOLUTE
    ..\\..\\Libraries\\STM32F4xx_StdPeriph_Driver\\src\\stm32f4xx_cryp.c 0x00000000   Number         0  stm32f4xx_cryp.o ABSOLUTE
    ..\\..\\Libraries\\STM32F4xx_StdPeriph_Driver\\src\\stm32f4xx_cryp_aes.c 0x00000000   Number         0  stm32f4xx_cryp_aes.o ABSOLUTE
    ..\\..\\Libraries\\STM32F4xx_StdPeriph_Driver\\src\\stm32f4xx_cryp_des.c 0x00000000   Number         0  stm32f4xx_cryp_des.o ABSOLUTE
    ..\\..\\Libraries\\STM32F4xx_StdPeriph_Driver\\src\\stm32f4xx_cryp_tdes.c 0x00000000   Number         0  stm32f4xx_cryp_tdes.o ABSOLUTE
    ..\\..\\Libraries\\STM32F4xx_StdPeriph_Driver\\src\\stm32f4xx_dac.c 0x00000000   Number         0  stm32f4xx_dac.o ABSOLUTE
    ..\\..\\Libraries\\STM32F4xx_StdPeriph_Driver\\src\\stm32f4xx_dbgmcu.c 0x00000000   Number         0  stm32f4xx_dbgmcu.o ABSOLUTE
    ..\\..\\Libraries\\STM32F4xx_StdPeriph_Driver\\src\\stm32f4xx_dcmi.c 0x00000000   Number         0  stm32f4xx_dcmi.o ABSOLUTE
    ..\\..\\Libraries\\STM32F4xx_StdPeriph_Driver\\src\\stm32f4xx_dma.c 0x00000000   Number         0  stm32f4xx_dma.o ABSOLUTE
    ..\\..\\Libraries\\STM32F4xx_StdPeriph_Driver\\src\\stm32f4xx_dma2d.c 0x00000000   Number         0  stm32f4xx_dma2d.o ABSOLUTE
    ..\\..\\Libraries\\STM32F4xx_StdPeriph_Driver\\src\\stm32f4xx_exti.c 0x00000000   Number         0  stm32f4xx_exti.o ABSOLUTE
    ..\\..\\Libraries\\STM32F4xx_StdPeriph_Driver\\src\\stm32f4xx_flash.c 0x00000000   Number         0  stm32f4xx_flash.o ABSOLUTE
    ..\\..\\Libraries\\STM32F4xx_StdPeriph_Driver\\src\\stm32f4xx_flash_ramfunc.c 0x00000000   Number         0  stm32f4xx_flash_ramfunc.o ABSOLUTE
    ..\\..\\Libraries\\STM32F4xx_StdPeriph_Driver\\src\\stm32f4xx_fmc.c 0x00000000   Number         0  stm32f4xx_fmc.o ABSOLUTE
    ..\\..\\Libraries\\STM32F4xx_StdPeriph_Driver\\src\\stm32f4xx_fmpi2c.c 0x00000000   Number         0  stm32f4xx_fmpi2c.o ABSOLUTE
    ..\\..\\Libraries\\STM32F4xx_StdPeriph_Driver\\src\\stm32f4xx_gpio.c 0x00000000   Number         0  stm32f4xx_gpio.o ABSOLUTE
    ..\\..\\Libraries\\STM32F4xx_StdPeriph_Driver\\src\\stm32f4xx_hash.c 0x00000000   Number         0  stm32f4xx_hash.o ABSOLUTE
    ..\\..\\Libraries\\STM32F4xx_StdPeriph_Driver\\src\\stm32f4xx_hash_md5.c 0x00000000   Number         0  stm32f4xx_hash_md5.o ABSOLUTE
    ..\\..\\Libraries\\STM32F4xx_StdPeriph_Driver\\src\\stm32f4xx_hash_sha1.c 0x00000000   Number         0  stm32f4xx_hash_sha1.o ABSOLUTE
    ..\\..\\Libraries\\STM32F4xx_StdPeriph_Driver\\src\\stm32f4xx_i2c.c 0x00000000   Number         0  stm32f4xx_i2c.o ABSOLUTE
    ..\\..\\Libraries\\STM32F4xx_StdPeriph_Driver\\src\\stm32f4xx_iwdg.c 0x00000000   Number         0  stm32f4xx_iwdg.o ABSOLUTE
    ..\\..\\Libraries\\STM32F4xx_StdPeriph_Driver\\src\\stm32f4xx_ltdc.c 0x00000000   Number         0  stm32f4xx_ltdc.o ABSOLUTE
    ..\\..\\Libraries\\STM32F4xx_StdPeriph_Driver\\src\\stm32f4xx_pwr.c 0x00000000   Number         0  stm32f4xx_pwr.o ABSOLUTE
    ..\\..\\Libraries\\STM32F4xx_StdPeriph_Driver\\src\\stm32f4xx_qspi.c 0x00000000   Number         0  stm32f4xx_qspi.o ABSOLUTE
    ..\\..\\Libraries\\STM32F4xx_StdPeriph_Driver\\src\\stm32f4xx_rcc.c 0x00000000   Number         0  stm32f4xx_rcc.o ABSOLUTE
    ..\\..\\Libraries\\STM32F4xx_StdPeriph_Driver\\src\\stm32f4xx_rng.c 0x00000000   Number         0  stm32f4xx_rng.o ABSOLUTE
    ..\\..\\Libraries\\STM32F4xx_StdPeriph_Driver\\src\\stm32f4xx_rtc.c 0x00000000   Number         0  stm32f4xx_rtc.o ABSOLUTE
    ..\\..\\Libraries\\STM32F4xx_StdPeriph_Driver\\src\\stm32f4xx_sai.c 0x00000000   Number         0  stm32f4xx_sai.o ABSOLUTE
    ..\\..\\Libraries\\STM32F4xx_StdPeriph_Driver\\src\\stm32f4xx_sdio.c 0x00000000   Number         0  stm32f4xx_sdio.o ABSOLUTE
    ..\\..\\Libraries\\STM32F4xx_StdPeriph_Driver\\src\\stm32f4xx_spdifrx.c 0x00000000   Number         0  stm32f4xx_spdifrx.o ABSOLUTE
    ..\\..\\Libraries\\STM32F4xx_StdPeriph_Driver\\src\\stm32f4xx_spi.c 0x00000000   Number         0  stm32f4xx_spi.o ABSOLUTE
    ..\\..\\Libraries\\STM32F4xx_StdPeriph_Driver\\src\\stm32f4xx_syscfg.c 0x00000000   Number         0  stm32f4xx_syscfg.o ABSOLUTE
    ..\\..\\Libraries\\STM32F4xx_StdPeriph_Driver\\src\\stm32f4xx_tim.c 0x00000000   Number         0  stm32f4xx_tim.o ABSOLUTE
    ..\\..\\Libraries\\STM32F4xx_StdPeriph_Driver\\src\\stm32f4xx_usart.c 0x00000000   Number         0  stm32f4xx_usart.o ABSOLUTE
    ..\\..\\Libraries\\STM32F4xx_StdPeriph_Driver\\src\\stm32f4xx_wwdg.c 0x00000000   Number         0  stm32f4xx_wwdg.o ABSOLUTE
    ..\\..\\User\\MatrixFunctions\\arm_mat_add_f32.c 0x00000000   Number         0  arm_mat_add_f32.o ABSOLUTE
    ..\\..\\User\\MatrixFunctions\\arm_mat_add_q15.c 0x00000000   Number         0  arm_mat_add_q15.o ABSOLUTE
    ..\\..\\User\\MatrixFunctions\\arm_mat_add_q31.c 0x00000000   Number         0  arm_mat_add_q31.o ABSOLUTE
    ..\\..\\User\\MatrixFunctions\\arm_mat_cmplx_mult_f32.c 0x00000000   Number         0  arm_mat_cmplx_mult_f32.o ABSOLUTE
    ..\\..\\User\\MatrixFunctions\\arm_mat_cmplx_mult_q15.c 0x00000000   Number         0  arm_mat_cmplx_mult_q15.o ABSOLUTE
    ..\\..\\User\\MatrixFunctions\\arm_mat_cmplx_mult_q31.c 0x00000000   Number         0  arm_mat_cmplx_mult_q31.o ABSOLUTE
    ..\\..\\User\\MatrixFunctions\\arm_mat_init_f32.c 0x00000000   Number         0  arm_mat_init_f32.o ABSOLUTE
    ..\\..\\User\\MatrixFunctions\\arm_mat_init_q15.c 0x00000000   Number         0  arm_mat_init_q15.o ABSOLUTE
    ..\\..\\User\\MatrixFunctions\\arm_mat_init_q31.c 0x00000000   Number         0  arm_mat_init_q31.o ABSOLUTE
    ..\\..\\User\\MatrixFunctions\\arm_mat_inverse_f32.c 0x00000000   Number         0  arm_mat_inverse_f32.o ABSOLUTE
    ..\\..\\User\\MatrixFunctions\\arm_mat_inverse_f64.c 0x00000000   Number         0  arm_mat_inverse_f64.o ABSOLUTE
    ..\\..\\User\\MatrixFunctions\\arm_mat_mult_f32.c 0x00000000   Number         0  arm_mat_mult_f32.o ABSOLUTE
    ..\\..\\User\\MatrixFunctions\\arm_mat_mult_fast_q15.c 0x00000000   Number         0  arm_mat_mult_fast_q15.o ABSOLUTE
    ..\\..\\User\\MatrixFunctions\\arm_mat_mult_fast_q31.c 0x00000000   Number         0  arm_mat_mult_fast_q31.o ABSOLUTE
    ..\\..\\User\\MatrixFunctions\\arm_mat_mult_q15.c 0x00000000   Number         0  arm_mat_mult_q15.o ABSOLUTE
    ..\\..\\User\\MatrixFunctions\\arm_mat_mult_q31.c 0x00000000   Number         0  arm_mat_mult_q31.o ABSOLUTE
    ..\\..\\User\\MatrixFunctions\\arm_mat_scale_f32.c 0x00000000   Number         0  arm_mat_scale_f32.o ABSOLUTE
    ..\\..\\User\\MatrixFunctions\\arm_mat_scale_q15.c 0x00000000   Number         0  arm_mat_scale_q15.o ABSOLUTE
    ..\\..\\User\\MatrixFunctions\\arm_mat_scale_q31.c 0x00000000   Number         0  arm_mat_scale_q31.o ABSOLUTE
    ..\\..\\User\\MatrixFunctions\\arm_mat_sub_f32.c 0x00000000   Number         0  arm_mat_sub_f32.o ABSOLUTE
    ..\\..\\User\\MatrixFunctions\\arm_mat_sub_q15.c 0x00000000   Number         0  arm_mat_sub_q15.o ABSOLUTE
    ..\\..\\User\\MatrixFunctions\\arm_mat_sub_q31.c 0x00000000   Number         0  arm_mat_sub_q31.o ABSOLUTE
    ..\\..\\User\\MatrixFunctions\\arm_mat_trans_f32.c 0x00000000   Number         0  arm_mat_trans_f32.o ABSOLUTE
    ..\\..\\User\\MatrixFunctions\\arm_mat_trans_q15.c 0x00000000   Number         0  arm_mat_trans_q15.o ABSOLUTE
    ..\\..\\User\\MatrixFunctions\\arm_mat_trans_q31.c 0x00000000   Number         0  arm_mat_trans_q31.o ABSOLUTE
    ..\\..\\User\\adc\\bsp_adc.c             0x00000000   Number         0  bsp_adc.o ABSOLUTE
    ..\\..\\User\\hadamard\\hadamard.c       0x00000000   Number         0  hadamard.o ABSOLUTE
    ..\\..\\User\\key\\key.c                 0x00000000   Number         0  key.o ABSOLUTE
    ..\\..\\User\\led\\bsp_led.c             0x00000000   Number         0  bsp_led.o ABSOLUTE
    ..\\..\\User\\main.c                     0x00000000   Number         0  main.o ABSOLUTE
    ..\\..\\User\\sdram\\bsp_sdram.c         0x00000000   Number         0  bsp_sdram.o ABSOLUTE
    ..\\..\\User\\sequence\\sequence.c       0x00000000   Number         0  sequence.o ABSOLUTE
    ..\\..\\User\\stm32f4xx_it.c             0x00000000   Number         0  stm32f4xx_it.o ABSOLUTE
    ..\\..\\User\\systick\\bsp_SysTick.c     0x00000000   Number         0  bsp_systick.o ABSOLUTE
    ..\\..\\User\\time\\bsp_time.c           0x00000000   Number         0  bsp_time.o ABSOLUTE
    ..\\..\\User\\usart\\bsp_debug_usart.c   0x00000000   Number         0  bsp_debug_usart.o ABSOLUTE
    ..\\..\\User\\usart_dma\\usart_dma.c     0x00000000   Number         0  usart_dma.o ABSOLUTE
    cdcmple.s                                0x00000000   Number         0  cdcmple.o ABSOLUTE
    cdrcmple.s                               0x00000000   Number         0  cdrcmple.o ABSOLUTE
    dc.s                                     0x00000000   Number         0  dc.o ABSOLUTE
    handlers.s                               0x00000000   Number         0  handlers.o ABSOLUTE
    init.s                                   0x00000000   Number         0  init.o ABSOLUTE
    RESET                                    0x08000000   Section      428  startup_stm32f429_439xx.o(RESET)
    .ARM.Collect$$$$00000000                 0x080001ac   Section        0  entry.o(.ARM.Collect$$$$00000000)
    .ARM.Collect$$$$00000001                 0x080001ac   Section        4  entry2.o(.ARM.Collect$$$$00000001)
    .ARM.Collect$$$$00000004                 0x080001b0   Section        4  entry5.o(.ARM.Collect$$$$00000004)
    .ARM.Collect$$$$00000008                 0x080001b4   Section        0  entry7b.o(.ARM.Collect$$$$00000008)
    .ARM.Collect$$$$0000000A                 0x080001b4   Section        0  entry8b.o(.ARM.Collect$$$$0000000A)
    .ARM.Collect$$$$0000000B                 0x080001b4   Section        8  entry9a.o(.ARM.Collect$$$$0000000B)
    .ARM.Collect$$$$0000000D                 0x080001bc   Section        0  entry10a.o(.ARM.Collect$$$$0000000D)
    .ARM.Collect$$$$0000000F                 0x080001bc   Section        0  entry11a.o(.ARM.Collect$$$$0000000F)
    .ARM.Collect$$$$00002712                 0x080001bc   Section        4  entry2.o(.ARM.Collect$$$$00002712)
    __lit__00000000                          0x080001bc   Data           4  entry2.o(.ARM.Collect$$$$00002712)
    .text                                    0x080001c0   Section       44  startup_stm32f429_439xx.o(.text)
    $v0                                      0x080001c0   Number         0  startup_stm32f429_439xx.o(.text)
    .text                                    0x080001ec   Section        0  memseta.o(.text)
    .text                                    0x08000210   Section        0  dadd.o(.text)
    .text                                    0x0800035e   Section        0  dmul.o(.text)
    .text                                    0x08000442   Section        0  ddiv.o(.text)
    .text                                    0x08000520   Section        0  dflti.o(.text)
    .text                                    0x08000542   Section        0  dfixi.o(.text)
    .text                                    0x08000580   Section        0  f2d.o(.text)
    .text                                    0x080005a8   Section       48  cdcmple.o(.text)
    .text                                    0x080005d8   Section       48  cdrcmple.o(.text)
    .text                                    0x08000608   Section        0  uidiv.o(.text)
    .text                                    0x08000634   Section        0  uldiv.o(.text)
    .text                                    0x08000696   Section        0  llshl.o(.text)
    .text                                    0x080006b4   Section        0  llushr.o(.text)
    .text                                    0x080006d4   Section        0  llsshr.o(.text)
    .text                                    0x080006f8   Section        0  iusefp.o(.text)
    .text                                    0x080006f8   Section        0  depilogue.o(.text)
    .text                                    0x080007b2   Section        0  dscalb.o(.text)
    .text                                    0x080007e0   Section        0  dfixul.o(.text)
    .text                                    0x08000810   Section       36  init.o(.text)
    .text                                    0x08000834   Section        0  dsqrt.o(.text)
    .text                                    0x080008d6   Section        0  __dczerorl2.o(.text)
    i.ADCX_Init                              0x0800092c   Section        0  bsp_adc.o(i.ADCX_Init)
    i.ADC_Cmd                                0x0800093c   Section        0  stm32f4xx_adc.o(i.ADC_Cmd)
    i.ADC_CommonInit                         0x08000954   Section        0  stm32f4xx_adc.o(i.ADC_CommonInit)
    i.ADC_DMACmd                             0x08000984   Section        0  stm32f4xx_adc.o(i.ADC_DMACmd)
    i.ADC_DMARequestAfterLastTransferCmd     0x0800099a   Section        0  stm32f4xx_adc.o(i.ADC_DMARequestAfterLastTransferCmd)
    i.ADC_Init                               0x080009b0   Section        0  stm32f4xx_adc.o(i.ADC_Init)
    i.ADC_RegularChannelConfig               0x08000a04   Section        0  stm32f4xx_adc.o(i.ADC_RegularChannelConfig)
    i.ADC_StructInit                         0x08000abc   Section        0  stm32f4xx_adc.o(i.ADC_StructInit)
    i.DEBUG_USART_1_Config                   0x08000ad0   Section        0  bsp_debug_usart.o(i.DEBUG_USART_1_Config)
    DEBUG_USART_1_Config                     0x08000ad1   Thumb Code   166  bsp_debug_usart.o(i.DEBUG_USART_1_Config)
    i.DEBUG_USART_2_Config                   0x08000b80   Section        0  bsp_debug_usart.o(i.DEBUG_USART_2_Config)
    DEBUG_USART_2_Config                     0x08000b81   Thumb Code   154  bsp_debug_usart.o(i.DEBUG_USART_2_Config)
    i.DMA2_Stream0_IRQHandler                0x08000c24   Section        0  stm32f4xx_it.o(i.DMA2_Stream0_IRQHandler)
    i.DMA_ClearFlag                          0x08000c58   Section        0  stm32f4xx_dma.o(i.DMA_ClearFlag)
    i.DMA_ClearITPendingBit                  0x08000c8c   Section        0  stm32f4xx_dma.o(i.DMA_ClearITPendingBit)
    i.DMA_Cmd                                0x08000cc0   Section        0  stm32f4xx_dma.o(i.DMA_Cmd)
    i.DMA_GetITStatus                        0x08000cd8   Section        0  stm32f4xx_dma.o(i.DMA_GetITStatus)
    i.DMA_ITConfig                           0x08000d3c   Section        0  stm32f4xx_dma.o(i.DMA_ITConfig)
    i.DMA_Init                               0x08000d78   Section        0  stm32f4xx_dma.o(i.DMA_Init)
    i.Debug_USART_Config                     0x08000dd0   Section        0  bsp_debug_usart.o(i.Debug_USART_Config)
    i.Delay_us                               0x08000de0   Section        0  bsp_systick.o(i.Delay_us)
    i.EXTI0_IRQHandler                       0x08000df8   Section        0  stm32f4xx_it.o(i.EXTI0_IRQHandler)
    i.EXTI_ClearITPendingBit                 0x08000e14   Section        0  stm32f4xx_exti.o(i.EXTI_ClearITPendingBit)
    i.EXTI_GetITStatus                       0x08000e20   Section        0  stm32f4xx_exti.o(i.EXTI_GetITStatus)
    i.EXTI_Init                              0x08000e38   Section        0  stm32f4xx_exti.o(i.EXTI_Init)
    i.EXTI_Key_Config                        0x08000ecc   Section        0  key.o(i.EXTI_Key_Config)
    i.FMC_GetFlagStatus                      0x08000f24   Section        0  stm32f4xx_fmc.o(i.FMC_GetFlagStatus)
    i.FMC_SDRAMCmdConfig                     0x08000f6c   Section        0  stm32f4xx_fmc.o(i.FMC_SDRAMCmdConfig)
    i.FMC_SDRAMInit                          0x08000f8c   Section        0  stm32f4xx_fmc.o(i.FMC_SDRAMInit)
    i.FMC_SetRefreshCount                    0x080010d0   Section        0  stm32f4xx_fmc.o(i.FMC_SetRefreshCount)
    i.GPIO_Init                              0x080010e8   Section        0  stm32f4xx_gpio.o(i.GPIO_Init)
    i.GPIO_PinAFConfig                       0x08001178   Section        0  stm32f4xx_gpio.o(i.GPIO_PinAFConfig)
    i.NVIC_Configuration                     0x080011be   Section        0  bsp_debug_usart.o(i.NVIC_Configuration)
    NVIC_Configuration                       0x080011bf   Thumb Code    68  bsp_debug_usart.o(i.NVIC_Configuration)
    i.NVIC_Configuration                     0x08001202   Section        0  key.o(i.NVIC_Configuration)
    NVIC_Configuration                       0x08001203   Thumb Code    38  key.o(i.NVIC_Configuration)
    i.NVIC_Init                              0x08001228   Section        0  misc.o(i.NVIC_Init)
    i.NVIC_PriorityGroupConfig               0x080012a0   Section        0  misc.o(i.NVIC_PriorityGroupConfig)
    i.RCC_AHB1PeriphClockCmd                 0x080012b4   Section        0  stm32f4xx_rcc.o(i.RCC_AHB1PeriphClockCmd)
    i.RCC_AHB3PeriphClockCmd                 0x080012d4   Section        0  stm32f4xx_rcc.o(i.RCC_AHB3PeriphClockCmd)
    i.RCC_APB1PeriphClockCmd                 0x080012f4   Section        0  stm32f4xx_rcc.o(i.RCC_APB1PeriphClockCmd)
    i.RCC_APB2PeriphClockCmd                 0x08001314   Section        0  stm32f4xx_rcc.o(i.RCC_APB2PeriphClockCmd)
    i.RCC_GetClocksFreq                      0x08001334   Section        0  stm32f4xx_rcc.o(i.RCC_GetClocksFreq)
    i.Rheostat_ADC_GPIO_Config               0x0800141c   Section        0  bsp_adc.o(i.Rheostat_ADC_GPIO_Config)
    Rheostat_ADC_GPIO_Config                 0x0800141d   Thumb Code    36  bsp_adc.o(i.Rheostat_ADC_GPIO_Config)
    i.Rheostat_ADC_Mode_Config               0x08001444   Section        0  bsp_adc.o(i.Rheostat_ADC_Mode_Config)
    Rheostat_ADC_Mode_Config                 0x08001445   Thumb Code   272  bsp_adc.o(i.Rheostat_ADC_Mode_Config)
    i.SDRAM_GPIO_Config                      0x08001564   Section        0  bsp_sdram.o(i.SDRAM_GPIO_Config)
    SDRAM_GPIO_Config                        0x08001565   Thumb Code   908  bsp_sdram.o(i.SDRAM_GPIO_Config)
    i.SDRAM_Init                             0x08001908   Section        0  bsp_sdram.o(i.SDRAM_Init)
    i.SDRAM_InitSequence                     0x0800196c   Section        0  bsp_sdram.o(i.SDRAM_InitSequence)
    SDRAM_InitSequence                       0x0800196d   Thumb Code   176  bsp_sdram.o(i.SDRAM_InitSequence)
    i.SDRAM_delay                            0x08001a1c   Section        0  bsp_sdram.o(i.SDRAM_delay)
    SDRAM_delay                              0x08001a1d   Thumb Code    32  bsp_sdram.o(i.SDRAM_delay)
    i.SWAP                                   0x08001a40   Section        0  hadamard.o(i.SWAP)
    i.SYSCFG_EXTILineConfig                  0x08001a58   Section        0  stm32f4xx_syscfg.o(i.SYSCFG_EXTILineConfig)
    i.SetSysClock                            0x08001a98   Section        0  system_stm32f4xx.o(i.SetSysClock)
    SetSysClock                              0x08001a99   Thumb Code   272  system_stm32f4xx.o(i.SetSysClock)
    i.SysTick_Handler                        0x08001bb8   Section        0  stm32f4xx_it.o(i.SysTick_Handler)
    i.SysTick_Init                           0x08001bc0   Section        0  bsp_systick.o(i.SysTick_Init)
    i.SystemInit                             0x08001c28   Section        0  system_stm32f4xx.o(i.SystemInit)
    i.TIM1_GPIO_Config                       0x08001c90   Section        0  bsp_time.o(i.TIM1_GPIO_Config)
    i.TIM1_UP_TIM10_IRQHandler               0x08001d84   Section        0  stm32f4xx_it.o(i.TIM1_UP_TIM10_IRQHandler)
    i.TIM8_ADC_Config                        0x08001e00   Section        0  bsp_time.o(i.TIM8_ADC_Config)
    i.TIM8_UP_TIM13_IRQHandler               0x08001f08   Section        0  stm32f4xx_it.o(i.TIM8_UP_TIM13_IRQHandler)
    i.TIM_ClearFlag                          0x08001f7c   Section        0  stm32f4xx_tim.o(i.TIM_ClearFlag)
    i.TIM_ClearITPendingBit                  0x08001f82   Section        0  stm32f4xx_tim.o(i.TIM_ClearITPendingBit)
    i.TIM_Cmd                                0x08001f88   Section        0  stm32f4xx_tim.o(i.TIM_Cmd)
    i.TIM_CtrlPWMOutputs                     0x08001fa0   Section        0  stm32f4xx_tim.o(i.TIM_CtrlPWMOutputs)
    i.TIM_DMACmd                             0x08001fbe   Section        0  stm32f4xx_tim.o(i.TIM_DMACmd)
    i.TIM_GetITStatus                        0x08001fd0   Section        0  stm32f4xx_tim.o(i.TIM_GetITStatus)
    i.TIM_ITConfig                           0x08001ff2   Section        0  stm32f4xx_tim.o(i.TIM_ITConfig)
    i.TIM_OC1Init                            0x08002004   Section        0  stm32f4xx_tim.o(i.TIM_OC1Init)
    i.TIM_OC1PreloadConfig                   0x08002080   Section        0  stm32f4xx_tim.o(i.TIM_OC1PreloadConfig)
    i.TIM_SelectInputTrigger                 0x08002092   Section        0  stm32f4xx_tim.o(i.TIM_SelectInputTrigger)
    i.TIM_SelectMasterSlaveMode              0x080020a4   Section        0  stm32f4xx_tim.o(i.TIM_SelectMasterSlaveMode)
    i.TIM_SelectOutputTrigger                0x080020b6   Section        0  stm32f4xx_tim.o(i.TIM_SelectOutputTrigger)
    i.TIM_SelectSlaveMode                    0x080020c8   Section        0  stm32f4xx_tim.o(i.TIM_SelectSlaveMode)
    i.TIM_TimeBaseInit                       0x080020dc   Section        0  stm32f4xx_tim.o(i.TIM_TimeBaseInit)
    i.TimingDelay_Decrement                  0x08002160   Section        0  bsp_systick.o(i.TimingDelay_Decrement)
    i.USART_Cmd                              0x08002178   Section        0  stm32f4xx_usart.o(i.USART_Cmd)
    i.USART_GetFlagStatus                    0x08002190   Section        0  stm32f4xx_usart.o(i.USART_GetFlagStatus)
    i.USART_ITConfig                         0x080021aa   Section        0  stm32f4xx_usart.o(i.USART_ITConfig)
    i.USART_Init                             0x080021f4   Section        0  stm32f4xx_usart.o(i.USART_Init)
    i.USART_SendData                         0x080022c8   Section        0  stm32f4xx_usart.o(i.USART_SendData)
    i.__0printf                              0x080022d0   Section        0  printfa.o(i.__0printf)
    i.__ARM_fpclassify                       0x080022f0   Section        0  fpclassify.o(i.__ARM_fpclassify)
    i.__hardfp_pow                           0x08002320   Section        0  pow.o(i.__hardfp_pow)
    i.__kernel_poly                          0x08002f70   Section        0  poly.o(i.__kernel_poly)
    i.__mathlib_dbl_divzero                  0x08003068   Section        0  dunder.o(i.__mathlib_dbl_divzero)
    i.__mathlib_dbl_infnan2                  0x08003098   Section        0  dunder.o(i.__mathlib_dbl_infnan2)
    i.__mathlib_dbl_invalid                  0x080030b0   Section        0  dunder.o(i.__mathlib_dbl_invalid)
    i.__mathlib_dbl_overflow                 0x080030d0   Section        0  dunder.o(i.__mathlib_dbl_overflow)
    i.__mathlib_dbl_underflow                0x080030f0   Section        0  dunder.o(i.__mathlib_dbl_underflow)
    i.__scatterload_copy                     0x08003110   Section       14  handlers.o(i.__scatterload_copy)
    i.__scatterload_null                     0x0800311e   Section        2  handlers.o(i.__scatterload_null)
    i.__scatterload_zeroinit                 0x08003120   Section       14  handlers.o(i.__scatterload_zeroinit)
    i.__set_errno                            0x08003130   Section        0  errno.o(i.__set_errno)
    i._fp_digits                             0x0800313c   Section        0  printfa.o(i._fp_digits)
    _fp_digits                               0x0800313d   Thumb Code   366  printfa.o(i._fp_digits)
    i._printf_core                           0x080032c0   Section        0  printfa.o(i._printf_core)
    _printf_core                             0x080032c1   Thumb Code  1744  printfa.o(i._printf_core)
    i._printf_post_padding                   0x0800399c   Section        0  printfa.o(i._printf_post_padding)
    _printf_post_padding                     0x0800399d   Thumb Code    36  printfa.o(i._printf_post_padding)
    i._printf_pre_padding                    0x080039c0   Section        0  printfa.o(i._printf_pre_padding)
    _printf_pre_padding                      0x080039c1   Thumb Code    46  printfa.o(i._printf_pre_padding)
    i.arm_mat_init_f32                       0x080039ee   Section        0  arm_mat_init_f32.o(i.arm_mat_init_f32)
    i.arraycircShift                         0x080039f8   Section        0  main.o(i.arraycircShift)
    i.beginSample                            0x08003a40   Section        0  main.o(i.beginSample)
    i.calculate                              0x08003b08   Section        0  hadamard.o(i.calculate)
    i.createInverseMatrix                    0x08003bcc   Section        0  hadamard.o(i.createInverseMatrix)
    i.fabs                                   0x08003c34   Section        0  fabs.o(i.fabs)
    i.fputc                                  0x08003c4c   Section        0  bsp_debug_usart.o(i.fputc)
    i.free                                   0x08003c70   Section        0  malloc.o(i.free)
    i.getAverageSignal                       0x08003cc0   Section        0  main.o(i.getAverageSignal)
    i.getOverlopSignal                       0x08003d8c   Section        0  main.o(i.getOverlopSignal)
    i.hadamard                               0x08003dbc   Section        0  hadamard.o(i.hadamard)
    i.main                                   0x08003ff8   Section        0  main.o(i.main)
    i.malloc                                 0x080042e8   Section        0  malloc.o(i.malloc)
    i.prbs                                   0x08004354   Section        0  hadamard.o(i.prbs)
    i.productSendSequence                    0x08004448   Section        0  main.o(i.productSendSequence)
    i.showRecoverySignal                     0x080044ac   Section        0  main.o(i.showRecoverySignal)
    i.showResultSignal                       0x08004510   Section        0  main.o(i.showResultSignal)
    i.sqrt                                   0x08004558   Section        0  sqrt.o(i.sqrt)
    i.transposingMatrix                      0x080045c6   Section        0  hadamard.o(i.transposingMatrix)
    .constdata                               0x08004600   Section      136  pow.o(.constdata)
    bp                                       0x08004600   Data          16  pow.o(.constdata)
    dp_h                                     0x08004610   Data          16  pow.o(.constdata)
    dp_l                                     0x08004620   Data          16  pow.o(.constdata)
    L                                        0x08004630   Data          48  pow.o(.constdata)
    P                                        0x08004660   Data          40  pow.o(.constdata)
    .constdata                               0x08004688   Section        8  qnan.o(.constdata)
    .data                                    0x20000000   Section       20  system_stm32f4xx.o(.data)
    .data                                    0x20000014   Section       16  stm32f4xx_rcc.o(.data)
    APBAHBPrescTable                         0x20000014   Data          16  stm32f4xx_rcc.o(.data)
    .data                                    0x20000024   Section      476  main.o(.data)
    .data                                    0x20000200   Section        4  bsp_adc.o(.data)
    .data                                    0x20000204   Section        4  bsp_systick.o(.data)
    TimingDelay                              0x20000204   Data           4  bsp_systick.o(.data)
    .data                                    0x20000208   Section        4  stdout.o(.data)
    .data                                    0x2000020c   Section        4  mvars.o(.data)
    .data                                    0x20000210   Section        4  mvars.o(.data)
    .data                                    0x20000214   Section        4  errno.o(.data)
    _errno                                   0x20000214   Data           4  errno.o(.data)
    STACK                                    0x20000218   Section     1024  startup_stm32f429_439xx.o(STACK)
    HEAP                                     0xd0000000   Section      512  startup_stm32f429_439xx.o(HEAP)

    Global Symbols

    Symbol Name                              Value     Ov Type        Size  Object(Section)

    BuildAttributes$$THM_ISAv4$E$P$D$K$B$S$7EM$VFPi3$EXTD16$VFPS$VFMA$PE$A:L22UL41UL21$X:L11$S22US41US21$IEEE1$IW$USESV6$~STKCKD$USESV7$~SHL$OTIME$ROPI$IEEEX$EBA8$MICROLIB$REQ8$PRES8$EABIv2 0x00000000   Number         0  anon$$obj.o ABSOLUTE
    __ARM_use_no_argv                        0x00000000   Number         0  main.o ABSOLUTE
    _printf_a                                0x00000000   Number         0  stubs.o ABSOLUTE
    _printf_c                                0x00000000   Number         0  stubs.o ABSOLUTE
    _printf_charcount                        0x00000000   Number         0  stubs.o ABSOLUTE
    _printf_d                                0x00000000   Number         0  stubs.o ABSOLUTE
    _printf_e                                0x00000000   Number         0  stubs.o ABSOLUTE
    _printf_f                                0x00000000   Number         0  stubs.o ABSOLUTE
    _printf_flags                            0x00000000   Number         0  stubs.o ABSOLUTE
    _printf_fp_dec                           0x00000000   Number         0  stubs.o ABSOLUTE
    _printf_fp_hex                           0x00000000   Number         0  stubs.o ABSOLUTE
    _printf_g                                0x00000000   Number         0  stubs.o ABSOLUTE
    _printf_i                                0x00000000   Number         0  stubs.o ABSOLUTE
    _printf_int_dec                          0x00000000   Number         0  stubs.o ABSOLUTE
    _printf_l                                0x00000000   Number         0  stubs.o ABSOLUTE
    _printf_lc                               0x00000000   Number         0  stubs.o ABSOLUTE
    _printf_ll                               0x00000000   Number         0  stubs.o ABSOLUTE
    _printf_lld                              0x00000000   Number         0  stubs.o ABSOLUTE
    _printf_lli                              0x00000000   Number         0  stubs.o ABSOLUTE
    _printf_llo                              0x00000000   Number         0  stubs.o ABSOLUTE
    _printf_llu                              0x00000000   Number         0  stubs.o ABSOLUTE
    _printf_llx                              0x00000000   Number         0  stubs.o ABSOLUTE
    _printf_longlong_dec                     0x00000000   Number         0  stubs.o ABSOLUTE
    _printf_longlong_hex                     0x00000000   Number         0  stubs.o ABSOLUTE
    _printf_longlong_oct                     0x00000000   Number         0  stubs.o ABSOLUTE
    _printf_ls                               0x00000000   Number         0  stubs.o ABSOLUTE
    _printf_mbtowc                           0x00000000   Number         0  stubs.o ABSOLUTE
    _printf_n                                0x00000000   Number         0  stubs.o ABSOLUTE
    _printf_o                                0x00000000   Number         0  stubs.o ABSOLUTE
    _printf_p                                0x00000000   Number         0  stubs.o ABSOLUTE
    _printf_percent                          0x00000000   Number         0  stubs.o ABSOLUTE
    _printf_pre_padding                      0x00000000   Number         0  stubs.o ABSOLUTE
    _printf_return_value                     0x00000000   Number         0  stubs.o ABSOLUTE
    _printf_s                                0x00000000   Number         0  stubs.o ABSOLUTE
    _printf_sizespec                         0x00000000   Number         0  stubs.o ABSOLUTE
    _printf_str                              0x00000000   Number         0  stubs.o ABSOLUTE
    _printf_truncate_signed                  0x00000000   Number         0  stubs.o ABSOLUTE
    _printf_truncate_unsigned                0x00000000   Number         0  stubs.o ABSOLUTE
    _printf_u                                0x00000000   Number         0  stubs.o ABSOLUTE
    _printf_wc                               0x00000000   Number         0  stubs.o ABSOLUTE
    _printf_wctomb                           0x00000000   Number         0  stubs.o ABSOLUTE
    _printf_widthprec                        0x00000000   Number         0  stubs.o ABSOLUTE
    _printf_x                                0x00000000   Number         0  stubs.o ABSOLUTE
    __cpp_initialize__aeabi_                  - Undefined Weak Reference
    __cxa_finalize                            - Undefined Weak Reference
    _clock_init                               - Undefined Weak Reference
    _microlib_exit                            - Undefined Weak Reference
    __Vectors_Size                           0x000001ac   Number         0  startup_stm32f429_439xx.o ABSOLUTE
    __Vectors                                0x08000000   Data           4  startup_stm32f429_439xx.o(RESET)
    __Vectors_End                            0x080001ac   Data           0  startup_stm32f429_439xx.o(RESET)
    __main                                   0x080001ad   Thumb Code     0  entry.o(.ARM.Collect$$$$00000000)
    _main_stk                                0x080001ad   Thumb Code     0  entry2.o(.ARM.Collect$$$$00000001)
    _main_scatterload                        0x080001b1   Thumb Code     0  entry5.o(.ARM.Collect$$$$00000004)
    __main_after_scatterload                 0x080001b5   Thumb Code     0  entry5.o(.ARM.Collect$$$$00000004)
    _main_clock                              0x080001b5   Thumb Code     0  entry7b.o(.ARM.Collect$$$$00000008)
    _main_cpp_init                           0x080001b5   Thumb Code     0  entry8b.o(.ARM.Collect$$$$0000000A)
    _main_init                               0x080001b5   Thumb Code     0  entry9a.o(.ARM.Collect$$$$0000000B)
    __rt_final_cpp                           0x080001bd   Thumb Code     0  entry10a.o(.ARM.Collect$$$$0000000D)
    __rt_final_exit                          0x080001bd   Thumb Code     0  entry11a.o(.ARM.Collect$$$$0000000F)
    Reset_Handler                            0x080001c1   Thumb Code    12  startup_stm32f429_439xx.o(.text)
    NMI_Handler                              0x080001cd   Thumb Code     2  startup_stm32f429_439xx.o(.text)
    HardFault_Handler                        0x080001cf   Thumb Code     2  startup_stm32f429_439xx.o(.text)
    MemManage_Handler                        0x080001d1   Thumb Code     2  startup_stm32f429_439xx.o(.text)
    BusFault_Handler                         0x080001d3   Thumb Code     2  startup_stm32f429_439xx.o(.text)
    UsageFault_Handler                       0x080001d5   Thumb Code     2  startup_stm32f429_439xx.o(.text)
    SVC_Handler                              0x080001d7   Thumb Code     2  startup_stm32f429_439xx.o(.text)
    DebugMon_Handler                         0x080001d9   Thumb Code     2  startup_stm32f429_439xx.o(.text)
    PendSV_Handler                           0x080001db   Thumb Code     2  startup_stm32f429_439xx.o(.text)
    ADC_IRQHandler                           0x080001df   Thumb Code     0  startup_stm32f429_439xx.o(.text)
    CAN1_RX0_IRQHandler                      0x080001df   Thumb Code     0  startup_stm32f429_439xx.o(.text)
    CAN1_RX1_IRQHandler                      0x080001df   Thumb Code     0  startup_stm32f429_439xx.o(.text)
    CAN1_SCE_IRQHandler                      0x080001df   Thumb Code     0  startup_stm32f429_439xx.o(.text)
    CAN1_TX_IRQHandler                       0x080001df   Thumb Code     0  startup_stm32f429_439xx.o(.text)
    CAN2_RX0_IRQHandler                      0x080001df   Thumb Code     0  startup_stm32f429_439xx.o(.text)
    CAN2_RX1_IRQHandler                      0x080001df   Thumb Code     0  startup_stm32f429_439xx.o(.text)
    CAN2_SCE_IRQHandler                      0x080001df   Thumb Code     0  startup_stm32f429_439xx.o(.text)
    CAN2_TX_IRQHandler                       0x080001df   Thumb Code     0  startup_stm32f429_439xx.o(.text)
    CRYP_IRQHandler                          0x080001df   Thumb Code     0  startup_stm32f429_439xx.o(.text)
    DCMI_IRQHandler                          0x080001df   Thumb Code     0  startup_stm32f429_439xx.o(.text)
    DMA1_Stream0_IRQHandler                  0x080001df   Thumb Code     0  startup_stm32f429_439xx.o(.text)
    DMA1_Stream1_IRQHandler                  0x080001df   Thumb Code     0  startup_stm32f429_439xx.o(.text)
    DMA1_Stream2_IRQHandler                  0x080001df   Thumb Code     0  startup_stm32f429_439xx.o(.text)
    DMA1_Stream3_IRQHandler                  0x080001df   Thumb Code     0  startup_stm32f429_439xx.o(.text)
    DMA1_Stream4_IRQHandler                  0x080001df   Thumb Code     0  startup_stm32f429_439xx.o(.text)
    DMA1_Stream5_IRQHandler                  0x080001df   Thumb Code     0  startup_stm32f429_439xx.o(.text)
    DMA1_Stream6_IRQHandler                  0x080001df   Thumb Code     0  startup_stm32f429_439xx.o(.text)
    DMA1_Stream7_IRQHandler                  0x080001df   Thumb Code     0  startup_stm32f429_439xx.o(.text)
    DMA2D_IRQHandler                         0x080001df   Thumb Code     0  startup_stm32f429_439xx.o(.text)
    DMA2_Stream1_IRQHandler                  0x080001df   Thumb Code     0  startup_stm32f429_439xx.o(.text)
    DMA2_Stream2_IRQHandler                  0x080001df   Thumb Code     0  startup_stm32f429_439xx.o(.text)
    DMA2_Stream3_IRQHandler                  0x080001df   Thumb Code     0  startup_stm32f429_439xx.o(.text)
    DMA2_Stream4_IRQHandler                  0x080001df   Thumb Code     0  startup_stm32f429_439xx.o(.text)
    DMA2_Stream5_IRQHandler                  0x080001df   Thumb Code     0  startup_stm32f429_439xx.o(.text)
    DMA2_Stream6_IRQHandler                  0x080001df   Thumb Code     0  startup_stm32f429_439xx.o(.text)
    DMA2_Stream7_IRQHandler                  0x080001df   Thumb Code     0  startup_stm32f429_439xx.o(.text)
    ETH_IRQHandler                           0x080001df   Thumb Code     0  startup_stm32f429_439xx.o(.text)
    ETH_WKUP_IRQHandler                      0x080001df   Thumb Code     0  startup_stm32f429_439xx.o(.text)
    EXTI15_10_IRQHandler                     0x080001df   Thumb Code     0  startup_stm32f429_439xx.o(.text)
    EXTI1_IRQHandler                         0x080001df   Thumb Code     0  startup_stm32f429_439xx.o(.text)
    EXTI2_IRQHandler                         0x080001df   Thumb Code     0  startup_stm32f429_439xx.o(.text)
    EXTI3_IRQHandler                         0x080001df   Thumb Code     0  startup_stm32f429_439xx.o(.text)
    EXTI4_IRQHandler                         0x080001df   Thumb Code     0  startup_stm32f429_439xx.o(.text)
    EXTI9_5_IRQHandler                       0x080001df   Thumb Code     0  startup_stm32f429_439xx.o(.text)
    FLASH_IRQHandler                         0x080001df   Thumb Code     0  startup_stm32f429_439xx.o(.text)
    FMC_IRQHandler                           0x080001df   Thumb Code     0  startup_stm32f429_439xx.o(.text)
    FPU_IRQHandler                           0x080001df   Thumb Code     0  startup_stm32f429_439xx.o(.text)
    HASH_RNG_IRQHandler                      0x080001df   Thumb Code     0  startup_stm32f429_439xx.o(.text)
    I2C1_ER_IRQHandler                       0x080001df   Thumb Code     0  startup_stm32f429_439xx.o(.text)
    I2C1_EV_IRQHandler                       0x080001df   Thumb Code     0  startup_stm32f429_439xx.o(.text)
    I2C2_ER_IRQHandler                       0x080001df   Thumb Code     0  startup_stm32f429_439xx.o(.text)
    I2C2_EV_IRQHandler                       0x080001df   Thumb Code     0  startup_stm32f429_439xx.o(.text)
    I2C3_ER_IRQHandler                       0x080001df   Thumb Code     0  startup_stm32f429_439xx.o(.text)
    I2C3_EV_IRQHandler                       0x080001df   Thumb Code     0  startup_stm32f429_439xx.o(.text)
    LTDC_ER_IRQHandler                       0x080001df   Thumb Code     0  startup_stm32f429_439xx.o(.text)
    LTDC_IRQHandler                          0x080001df   Thumb Code     0  startup_stm32f429_439xx.o(.text)
    OTG_FS_IRQHandler                        0x080001df   Thumb Code     0  startup_stm32f429_439xx.o(.text)
    OTG_FS_WKUP_IRQHandler                   0x080001df   Thumb Code     0  startup_stm32f429_439xx.o(.text)
    OTG_HS_EP1_IN_IRQHandler                 0x080001df   Thumb Code     0  startup_stm32f429_439xx.o(.text)
    OTG_HS_EP1_OUT_IRQHandler                0x080001df   Thumb Code     0  startup_stm32f429_439xx.o(.text)
    OTG_HS_IRQHandler                        0x080001df   Thumb Code     0  startup_stm32f429_439xx.o(.text)
    OTG_HS_WKUP_IRQHandler                   0x080001df   Thumb Code     0  startup_stm32f429_439xx.o(.text)
    PVD_IRQHandler                           0x080001df   Thumb Code     0  startup_stm32f429_439xx.o(.text)
    RCC_IRQHandler                           0x080001df   Thumb Code     0  startup_stm32f429_439xx.o(.text)
    RTC_Alarm_IRQHandler                     0x080001df   Thumb Code     0  startup_stm32f429_439xx.o(.text)
    RTC_WKUP_IRQHandler                      0x080001df   Thumb Code     0  startup_stm32f429_439xx.o(.text)
    SAI1_IRQHandler                          0x080001df   Thumb Code     0  startup_stm32f429_439xx.o(.text)
    SDIO_IRQHandler                          0x080001df   Thumb Code     0  startup_stm32f429_439xx.o(.text)
    SPI1_IRQHandler                          0x080001df   Thumb Code     0  startup_stm32f429_439xx.o(.text)
    SPI2_IRQHandler                          0x080001df   Thumb Code     0  startup_stm32f429_439xx.o(.text)
    SPI3_IRQHandler                          0x080001df   Thumb Code     0  startup_stm32f429_439xx.o(.text)
    SPI4_IRQHandler                          0x080001df   Thumb Code     0  startup_stm32f429_439xx.o(.text)
    SPI5_IRQHandler                          0x080001df   Thumb Code     0  startup_stm32f429_439xx.o(.text)
    SPI6_IRQHandler                          0x080001df   Thumb Code     0  startup_stm32f429_439xx.o(.text)
    TAMP_STAMP_IRQHandler                    0x080001df   Thumb Code     0  startup_stm32f429_439xx.o(.text)
    TIM1_BRK_TIM9_IRQHandler                 0x080001df   Thumb Code     0  startup_stm32f429_439xx.o(.text)
    TIM1_CC_IRQHandler                       0x080001df   Thumb Code     0  startup_stm32f429_439xx.o(.text)
    TIM1_TRG_COM_TIM11_IRQHandler            0x080001df   Thumb Code     0  startup_stm32f429_439xx.o(.text)
    TIM2_IRQHandler                          0x080001df   Thumb Code     0  startup_stm32f429_439xx.o(.text)
    TIM3_IRQHandler                          0x080001df   Thumb Code     0  startup_stm32f429_439xx.o(.text)
    TIM4_IRQHandler                          0x080001df   Thumb Code     0  startup_stm32f429_439xx.o(.text)
    TIM5_IRQHandler                          0x080001df   Thumb Code     0  startup_stm32f429_439xx.o(.text)
    TIM6_DAC_IRQHandler                      0x080001df   Thumb Code     0  startup_stm32f429_439xx.o(.text)
    TIM7_IRQHandler                          0x080001df   Thumb Code     0  startup_stm32f429_439xx.o(.text)
    TIM8_BRK_TIM12_IRQHandler                0x080001df   Thumb Code     0  startup_stm32f429_439xx.o(.text)
    TIM8_CC_IRQHandler                       0x080001df   Thumb Code     0  startup_stm32f429_439xx.o(.text)
    TIM8_TRG_COM_TIM14_IRQHandler            0x080001df   Thumb Code     0  startup_stm32f429_439xx.o(.text)
    UART4_IRQHandler                         0x080001df   Thumb Code     0  startup_stm32f429_439xx.o(.text)
    UART5_IRQHandler                         0x080001df   Thumb Code     0  startup_stm32f429_439xx.o(.text)
    UART7_IRQHandler                         0x080001df   Thumb Code     0  startup_stm32f429_439xx.o(.text)
    UART8_IRQHandler                         0x080001df   Thumb Code     0  startup_stm32f429_439xx.o(.text)
    USART1_IRQHandler                        0x080001df   Thumb Code     0  startup_stm32f429_439xx.o(.text)
    USART2_IRQHandler                        0x080001df   Thumb Code     0  startup_stm32f429_439xx.o(.text)
    USART3_IRQHandler                        0x080001df   Thumb Code     0  startup_stm32f429_439xx.o(.text)
    USART6_IRQHandler                        0x080001df   Thumb Code     0  startup_stm32f429_439xx.o(.text)
    WWDG_IRQHandler                          0x080001df   Thumb Code     0  startup_stm32f429_439xx.o(.text)
    __aeabi_memset                           0x080001ed   Thumb Code    14  memseta.o(.text)
    __aeabi_memset4                          0x080001ed   Thumb Code     0  memseta.o(.text)
    __aeabi_memset8                          0x080001ed   Thumb Code     0  memseta.o(.text)
    __aeabi_memclr                           0x080001fb   Thumb Code     4  memseta.o(.text)
    __aeabi_memclr4                          0x080001fb   Thumb Code     0  memseta.o(.text)
    __aeabi_memclr8                          0x080001fb   Thumb Code     0  memseta.o(.text)
    _memset$wrapper                          0x080001ff   Thumb Code    18  memseta.o(.text)
    __aeabi_dadd                             0x08000211   Thumb Code   322  dadd.o(.text)
    __aeabi_dsub                             0x08000353   Thumb Code     6  dadd.o(.text)
    __aeabi_drsub                            0x08000359   Thumb Code     6  dadd.o(.text)
    __aeabi_dmul                             0x0800035f   Thumb Code   228  dmul.o(.text)
    __aeabi_ddiv                             0x08000443   Thumb Code   222  ddiv.o(.text)
    __aeabi_i2d                              0x08000521   Thumb Code    34  dflti.o(.text)
    __aeabi_d2iz                             0x08000543   Thumb Code    62  dfixi.o(.text)
    __aeabi_f2d                              0x08000581   Thumb Code    38  f2d.o(.text)
    __aeabi_cdcmpeq                          0x080005a9   Thumb Code     0  cdcmple.o(.text)
    __aeabi_cdcmple                          0x080005a9   Thumb Code    48  cdcmple.o(.text)
    __aeabi_cdrcmple                         0x080005d9   Thumb Code    48  cdrcmple.o(.text)
    __aeabi_uidiv                            0x08000609   Thumb Code     0  uidiv.o(.text)
    __aeabi_uidivmod                         0x08000609   Thumb Code    44  uidiv.o(.text)
    __aeabi_uldivmod                         0x08000635   Thumb Code    98  uldiv.o(.text)
    __aeabi_llsl                             0x08000697   Thumb Code    30  llshl.o(.text)
    _ll_shift_l                              0x08000697   Thumb Code     0  llshl.o(.text)
    __aeabi_llsr                             0x080006b5   Thumb Code    32  llushr.o(.text)
    _ll_ushift_r                             0x080006b5   Thumb Code     0  llushr.o(.text)
    __aeabi_lasr                             0x080006d5   Thumb Code    36  llsshr.o(.text)
    _ll_sshift_r                             0x080006d5   Thumb Code     0  llsshr.o(.text)
    __I$use$fp                               0x080006f9   Thumb Code     0  iusefp.o(.text)
    _double_round                            0x080006f9   Thumb Code    30  depilogue.o(.text)
    _double_epilogue                         0x08000717   Thumb Code   156  depilogue.o(.text)
    __ARM_scalbn                             0x080007b3   Thumb Code    46  dscalb.o(.text)
    scalbn                                   0x080007b3   Thumb Code     0  dscalb.o(.text)
    __aeabi_d2ulz                            0x080007e1   Thumb Code    48  dfixul.o(.text)
    __scatterload                            0x08000811   Thumb Code    28  init.o(.text)
    __scatterload_rt2                        0x08000811   Thumb Code     0  init.o(.text)
    _dsqrt                                   0x08000835   Thumb Code   162  dsqrt.o(.text)
    __decompress                             0x080008d7   Thumb Code     0  __dczerorl2.o(.text)
    __decompress1                            0x080008d7   Thumb Code    86  __dczerorl2.o(.text)
    ADCX_Init                                0x0800092d   Thumb Code    16  bsp_adc.o(i.ADCX_Init)
    ADC_Cmd                                  0x0800093d   Thumb Code    22  stm32f4xx_adc.o(i.ADC_Cmd)
    ADC_CommonInit                           0x08000955   Thumb Code    34  stm32f4xx_adc.o(i.ADC_CommonInit)
    ADC_DMACmd                               0x08000985   Thumb Code    22  stm32f4xx_adc.o(i.ADC_DMACmd)
    ADC_DMARequestAfterLastTransferCmd       0x0800099b   Thumb Code    22  stm32f4xx_adc.o(i.ADC_DMARequestAfterLastTransferCmd)
    ADC_Init                                 0x080009b1   Thumb Code    74  stm32f4xx_adc.o(i.ADC_Init)
    ADC_RegularChannelConfig                 0x08000a05   Thumb Code   184  stm32f4xx_adc.o(i.ADC_RegularChannelConfig)
    ADC_StructInit                           0x08000abd   Thumb Code    20  stm32f4xx_adc.o(i.ADC_StructInit)
    DMA2_Stream0_IRQHandler                  0x08000c25   Thumb Code    36  stm32f4xx_it.o(i.DMA2_Stream0_IRQHandler)
    DMA_ClearFlag                            0x08000c59   Thumb Code    38  stm32f4xx_dma.o(i.DMA_ClearFlag)
    DMA_ClearITPendingBit                    0x08000c8d   Thumb Code    38  stm32f4xx_dma.o(i.DMA_ClearITPendingBit)
    DMA_Cmd                                  0x08000cc1   Thumb Code    22  stm32f4xx_dma.o(i.DMA_Cmd)
    DMA_GetITStatus                          0x08000cd9   Thumb Code    82  stm32f4xx_dma.o(i.DMA_GetITStatus)
    DMA_ITConfig                             0x08000d3d   Thumb Code    58  stm32f4xx_dma.o(i.DMA_ITConfig)
    DMA_Init                                 0x08000d79   Thumb Code    82  stm32f4xx_dma.o(i.DMA_Init)
    Debug_USART_Config                       0x08000dd1   Thumb Code    16  bsp_debug_usart.o(i.Debug_USART_Config)
    Delay_us                                 0x08000de1   Thumb Code    20  bsp_systick.o(i.Delay_us)
    EXTI0_IRQHandler                         0x08000df9   Thumb Code    24  stm32f4xx_it.o(i.EXTI0_IRQHandler)
    EXTI_ClearITPendingBit                   0x08000e15   Thumb Code     6  stm32f4xx_exti.o(i.EXTI_ClearITPendingBit)
    EXTI_GetITStatus                         0x08000e21   Thumb Code    20  stm32f4xx_exti.o(i.EXTI_GetITStatus)
    EXTI_Init                                0x08000e39   Thumb Code   142  stm32f4xx_exti.o(i.EXTI_Init)
    EXTI_Key_Config                          0x08000ecd   Thumb Code    82  key.o(i.EXTI_Key_Config)
    FMC_GetFlagStatus                        0x08000f25   Thumb Code    68  stm32f4xx_fmc.o(i.FMC_GetFlagStatus)
    FMC_SDRAMCmdConfig                       0x08000f6d   Thumb Code    28  stm32f4xx_fmc.o(i.FMC_SDRAMCmdConfig)
    FMC_SDRAMInit                            0x08000f8d   Thumb Code   318  stm32f4xx_fmc.o(i.FMC_SDRAMInit)
    FMC_SetRefreshCount                      0x080010d1   Thumb Code    18  stm32f4xx_fmc.o(i.FMC_SetRefreshCount)
    GPIO_Init                                0x080010e9   Thumb Code   144  stm32f4xx_gpio.o(i.GPIO_Init)
    GPIO_PinAFConfig                         0x08001179   Thumb Code    70  stm32f4xx_gpio.o(i.GPIO_PinAFConfig)
    NVIC_Init                                0x08001229   Thumb Code   106  misc.o(i.NVIC_Init)
    NVIC_PriorityGroupConfig                 0x080012a1   Thumb Code    10  misc.o(i.NVIC_PriorityGroupConfig)
    RCC_AHB1PeriphClockCmd                   0x080012b5   Thumb Code    26  stm32f4xx_rcc.o(i.RCC_AHB1PeriphClockCmd)
    RCC_AHB3PeriphClockCmd                   0x080012d5   Thumb Code    26  stm32f4xx_rcc.o(i.RCC_AHB3PeriphClockCmd)
    RCC_APB1PeriphClockCmd                   0x080012f5   Thumb Code    26  stm32f4xx_rcc.o(i.RCC_APB1PeriphClockCmd)
    RCC_APB2PeriphClockCmd                   0x08001315   Thumb Code    26  stm32f4xx_rcc.o(i.RCC_APB2PeriphClockCmd)
    RCC_GetClocksFreq                        0x08001335   Thumb Code   214  stm32f4xx_rcc.o(i.RCC_GetClocksFreq)
    SDRAM_Init                               0x08001909   Thumb Code   100  bsp_sdram.o(i.SDRAM_Init)
    SWAP                                     0x08001a41   Thumb Code    22  hadamard.o(i.SWAP)
    SYSCFG_EXTILineConfig                    0x08001a59   Thumb Code    60  stm32f4xx_syscfg.o(i.SYSCFG_EXTILineConfig)
    SysTick_Handler                          0x08001bb9   Thumb Code     8  stm32f4xx_it.o(i.SysTick_Handler)
    SysTick_Init                             0x08001bc1   Thumb Code    88  bsp_systick.o(i.SysTick_Init)
    SystemInit                               0x08001c29   Thumb Code    88  system_stm32f4xx.o(i.SystemInit)
    TIM1_GPIO_Config                         0x08001c91   Thumb Code   230  bsp_time.o(i.TIM1_GPIO_Config)
    TIM1_UP_TIM10_IRQHandler                 0x08001d85   Thumb Code   108  stm32f4xx_it.o(i.TIM1_UP_TIM10_IRQHandler)
    TIM8_ADC_Config                          0x08001e01   Thumb Code   252  bsp_time.o(i.TIM8_ADC_Config)
    TIM8_UP_TIM13_IRQHandler                 0x08001f09   Thumb Code    94  stm32f4xx_it.o(i.TIM8_UP_TIM13_IRQHandler)
    TIM_ClearFlag                            0x08001f7d   Thumb Code     6  stm32f4xx_tim.o(i.TIM_ClearFlag)
    TIM_ClearITPendingBit                    0x08001f83   Thumb Code     6  stm32f4xx_tim.o(i.TIM_ClearITPendingBit)
    TIM_Cmd                                  0x08001f89   Thumb Code    24  stm32f4xx_tim.o(i.TIM_Cmd)
    TIM_CtrlPWMOutputs                       0x08001fa1   Thumb Code    30  stm32f4xx_tim.o(i.TIM_CtrlPWMOutputs)
    TIM_DMACmd                               0x08001fbf   Thumb Code    18  stm32f4xx_tim.o(i.TIM_DMACmd)
    TIM_GetITStatus                          0x08001fd1   Thumb Code    34  stm32f4xx_tim.o(i.TIM_GetITStatus)
    TIM_ITConfig                             0x08001ff3   Thumb Code    18  stm32f4xx_tim.o(i.TIM_ITConfig)
    TIM_OC1Init                              0x08002005   Thumb Code   114  stm32f4xx_tim.o(i.TIM_OC1Init)
    TIM_OC1PreloadConfig                     0x08002081   Thumb Code    18  stm32f4xx_tim.o(i.TIM_OC1PreloadConfig)
    TIM_SelectInputTrigger                   0x08002093   Thumb Code    18  stm32f4xx_tim.o(i.TIM_SelectInputTrigger)
    TIM_SelectMasterSlaveMode                0x080020a5   Thumb Code    18  stm32f4xx_tim.o(i.TIM_SelectMasterSlaveMode)
    TIM_SelectOutputTrigger                  0x080020b7   Thumb Code    18  stm32f4xx_tim.o(i.TIM_SelectOutputTrigger)
    TIM_SelectSlaveMode                      0x080020c9   Thumb Code    18  stm32f4xx_tim.o(i.TIM_SelectSlaveMode)
    TIM_TimeBaseInit                         0x080020dd   Thumb Code   104  stm32f4xx_tim.o(i.TIM_TimeBaseInit)
    TimingDelay_Decrement                    0x08002161   Thumb Code    18  bsp_systick.o(i.TimingDelay_Decrement)
    USART_Cmd                                0x08002179   Thumb Code    24  stm32f4xx_usart.o(i.USART_Cmd)
    USART_GetFlagStatus                      0x08002191   Thumb Code    26  stm32f4xx_usart.o(i.USART_GetFlagStatus)
    USART_ITConfig                           0x080021ab   Thumb Code    74  stm32f4xx_usart.o(i.USART_ITConfig)
    USART_Init                               0x080021f5   Thumb Code   204  stm32f4xx_usart.o(i.USART_Init)
    USART_SendData                           0x080022c9   Thumb Code     8  stm32f4xx_usart.o(i.USART_SendData)
    __0printf                                0x080022d1   Thumb Code    22  printfa.o(i.__0printf)
    __1printf                                0x080022d1   Thumb Code     0  printfa.o(i.__0printf)
    __2printf                                0x080022d1   Thumb Code     0  printfa.o(i.__0printf)
    __c89printf                              0x080022d1   Thumb Code     0  printfa.o(i.__0printf)
    printf                                   0x080022d1   Thumb Code     0  printfa.o(i.__0printf)
    __ARM_fpclassify                         0x080022f1   Thumb Code    48  fpclassify.o(i.__ARM_fpclassify)
    __hardfp_pow                             0x08002321   Thumb Code  3072  pow.o(i.__hardfp_pow)
    __kernel_poly                            0x08002f71   Thumb Code   248  poly.o(i.__kernel_poly)
    __mathlib_dbl_divzero                    0x08003069   Thumb Code    28  dunder.o(i.__mathlib_dbl_divzero)
    __mathlib_dbl_infnan2                    0x08003099   Thumb Code    20  dunder.o(i.__mathlib_dbl_infnan2)
    __mathlib_dbl_invalid                    0x080030b1   Thumb Code    24  dunder.o(i.__mathlib_dbl_invalid)
    __mathlib_dbl_overflow                   0x080030d1   Thumb Code    24  dunder.o(i.__mathlib_dbl_overflow)
    __mathlib_dbl_underflow                  0x080030f1   Thumb Code    24  dunder.o(i.__mathlib_dbl_underflow)
    __scatterload_copy                       0x08003111   Thumb Code    14  handlers.o(i.__scatterload_copy)
    __scatterload_null                       0x0800311f   Thumb Code     2  handlers.o(i.__scatterload_null)
    __scatterload_zeroinit                   0x08003121   Thumb Code    14  handlers.o(i.__scatterload_zeroinit)
    __set_errno                              0x08003131   Thumb Code     6  errno.o(i.__set_errno)
    arm_mat_init_f32                         0x080039ef   Thumb Code     8  arm_mat_init_f32.o(i.arm_mat_init_f32)
    arraycircShift                           0x080039f9   Thumb Code    66  main.o(i.arraycircShift)
    beginSample                              0x08003a41   Thumb Code   160  main.o(i.beginSample)
    calculate                                0x08003b09   Thumb Code   158  hadamard.o(i.calculate)
    createInverseMatrix                      0x08003bcd   Thumb Code    98  hadamard.o(i.createInverseMatrix)
    fabs                                     0x08003c35   Thumb Code    24  fabs.o(i.fabs)
    fputc                                    0x08003c4d   Thumb Code    32  bsp_debug_usart.o(i.fputc)
    free                                     0x08003c71   Thumb Code    76  malloc.o(i.free)
    getAverageSignal                         0x08003cc1   Thumb Code   190  main.o(i.getAverageSignal)
    getOverlopSignal                         0x08003d8d   Thumb Code    46  main.o(i.getOverlopSignal)
    hadamard                                 0x08003dbd   Thumb Code   530  hadamard.o(i.hadamard)
    main                                     0x08003ff9   Thumb Code   608  main.o(i.main)
    malloc                                   0x080042e9   Thumb Code    92  malloc.o(i.malloc)
    prbs                                     0x08004355   Thumb Code   188  hadamard.o(i.prbs)
    productSendSequence                      0x08004449   Thumb Code    92  main.o(i.productSendSequence)
    showRecoverySignal                       0x080044ad   Thumb Code    86  main.o(i.showRecoverySignal)
    showResultSignal                         0x08004511   Thumb Code    64  main.o(i.showResultSignal)
    sqrt                                     0x08004559   Thumb Code   110  sqrt.o(i.sqrt)
    transposingMatrix                        0x080045c7   Thumb Code    58  hadamard.o(i.transposingMatrix)
    __mathlib_zero                           0x08004688   Data           8  qnan.o(.constdata)
    Region$$Table$$Base                      0x08004690   Number         0  anon$$obj.o(Region$$Table)
    Region$$Table$$Limit                     0x080046c0   Number         0  anon$$obj.o(Region$$Table)
    SystemCoreClock                          0x20000000   Data           4  system_stm32f4xx.o(.data)
    AHBPrescTable                            0x20000004   Data          16  system_stm32f4xx.o(.data)
    numberOfZero                             0x20000024   Data           4  main.o(.data)
    overSample                               0x20000028   Data           4  main.o(.data)
    AdcPeriod                                0x2000002c   Data           4  main.o(.data)
    AdcLowTime                               0x20000030   Data           4  main.o(.data)
    sequencePeriod                           0x20000034   Data           4  main.o(.data)
    errFrameFlag                             0x20000038   Data           4  main.o(.data)
    sequenceLength                           0x2000003c   Data           4  main.o(.data)
    sendSequence                             0x20000040   Data           4  main.o(.data)
    overSampling                             0x20000044   Data           4  main.o(.data)
    discardFrameNumber                       0x20000048   Data         400  main.o(.data)
    totalFrame                               0x200001d8   Data           4  main.o(.data)
    averageNumber                            0x200001dc   Data           4  main.o(.data)
    errFrameNumber                           0x200001e0   Data           4  main.o(.data)
    frameCount                               0x200001e4   Data           4  main.o(.data)
    flag                                     0x200001e8   Data           4  main.o(.data)
    sequenceCount                            0x200001ec   Data           4  main.o(.data)
    initialNumber                            0x200001f0   Data           4  main.o(.data)
    adcSequenceCount                         0x200001f4   Data           4  main.o(.data)
    errorSample                              0x200001f8   Data           4  main.o(.data)
    sampleSize                               0x200001fc   Data           4  main.o(.data)
    HT_IMS_ADC_ConvertedValue                0x20000200   Data           4  bsp_adc.o(.data)
    __stdout                                 0x20000208   Data           4  stdout.o(.data)
    __microlib_freelist                      0x2000020c   Data           4  mvars.o(.data)
    __microlib_freelist_initialised          0x20000210   Data           4  mvars.o(.data)
    __initial_sp                             0x20000618   Data           0  startup_stm32f429_439xx.o(STACK)
    __heap_base                              0xd0000000   Data           0  startup_stm32f429_439xx.o(HEAP)
    __heap_limit                             0xd4000000   Number         0  startup_stm32f429_439xx.o ABSOLUTE



==============================================================================

Memory Map of the image

  Image Entry point : 0x080001ad

  Load Region LR_IROM1 (Base: 0x08000000, Size: 0x000048d8, Max: 0x00100000, ABSOLUTE, COMPRESSED[0x0000471c])

    Execution Region ER_IROM1 (Exec base: 0x08000000, Load base: 0x08000000, Size: 0x000046c0, Max: 0x00100000, ABSOLUTE)

    Exec Addr    Load Addr    Size         Type   Attr      Idx    E Section Name        Object

    0x08000000   0x08000000   0x000001ac   Data   RO            3    RESET               startup_stm32f429_439xx.o
    0x080001ac   0x080001ac   0x00000000   Code   RO         6387  * .ARM.Collect$$$$00000000  mc_w.l(entry.o)
    0x080001ac   0x080001ac   0x00000004   Code   RO         6738    .ARM.Collect$$$$00000001  mc_w.l(entry2.o)
    0x080001b0   0x080001b0   0x00000004   Code   RO         6741    .ARM.Collect$$$$00000004  mc_w.l(entry5.o)
    0x080001b4   0x080001b4   0x00000000   Code   RO         6743    .ARM.Collect$$$$00000008  mc_w.l(entry7b.o)
    0x080001b4   0x080001b4   0x00000000   Code   RO         6745    .ARM.Collect$$$$0000000A  mc_w.l(entry8b.o)
    0x080001b4   0x080001b4   0x00000008   Code   RO         6746    .ARM.Collect$$$$0000000B  mc_w.l(entry9a.o)
    0x080001bc   0x080001bc   0x00000000   Code   RO         6748    .ARM.Collect$$$$0000000D  mc_w.l(entry10a.o)
    0x080001bc   0x080001bc   0x00000000   Code   RO         6750    .ARM.Collect$$$$0000000F  mc_w.l(entry11a.o)
    0x080001bc   0x080001bc   0x00000004   Code   RO         6739    .ARM.Collect$$$$00002712  mc_w.l(entry2.o)
    0x080001c0   0x080001c0   0x0000002c   Code   RO            4    .text               startup_stm32f429_439xx.o
    0x080001ec   0x080001ec   0x00000024   Code   RO         6390    .text               mc_w.l(memseta.o)
    0x08000210   0x08000210   0x0000014e   Code   RO         6681    .text               mf_w.l(dadd.o)
    0x0800035e   0x0800035e   0x000000e4   Code   RO         6683    .text               mf_w.l(dmul.o)
    0x08000442   0x08000442   0x000000de   Code   RO         6685    .text               mf_w.l(ddiv.o)
    0x08000520   0x08000520   0x00000022   Code   RO         6689    .text               mf_w.l(dflti.o)
    0x08000542   0x08000542   0x0000003e   Code   RO         6693    .text               mf_w.l(dfixi.o)
    0x08000580   0x08000580   0x00000026   Code   RO         6695    .text               mf_w.l(f2d.o)
    0x080005a6   0x080005a6   0x00000002   PAD
    0x080005a8   0x080005a8   0x00000030   Code   RO         6697    .text               mf_w.l(cdcmple.o)
    0x080005d8   0x080005d8   0x00000030   Code   RO         6699    .text               mf_w.l(cdrcmple.o)
    0x08000608   0x08000608   0x0000002c   Code   RO         6753    .text               mc_w.l(uidiv.o)
    0x08000634   0x08000634   0x00000062   Code   RO         6755    .text               mc_w.l(uldiv.o)
    0x08000696   0x08000696   0x0000001e   Code   RO         6757    .text               mc_w.l(llshl.o)
    0x080006b4   0x080006b4   0x00000020   Code   RO         6759    .text               mc_w.l(llushr.o)
    0x080006d4   0x080006d4   0x00000024   Code   RO         6761    .text               mc_w.l(llsshr.o)
    0x080006f8   0x080006f8   0x00000000   Code   RO         6776    .text               mc_w.l(iusefp.o)
    0x080006f8   0x080006f8   0x000000ba   Code   RO         6777    .text               mf_w.l(depilogue.o)
    0x080007b2   0x080007b2   0x0000002e   Code   RO         6779    .text               mf_w.l(dscalb.o)
    0x080007e0   0x080007e0   0x00000030   Code   RO         6781    .text               mf_w.l(dfixul.o)
    0x08000810   0x08000810   0x00000024   Code   RO         6783    .text               mc_w.l(init.o)
    0x08000834   0x08000834   0x000000a2   Code   RO         6785    .text               mf_w.l(dsqrt.o)
    0x080008d6   0x080008d6   0x00000056   Code   RO         6795    .text               mc_w.l(__dczerorl2.o)
    0x0800092c   0x0800092c   0x00000010   Code   RO         5539    i.ADCX_Init         bsp_adc.o
    0x0800093c   0x0800093c   0x00000016   Code   RO          222    i.ADC_Cmd           stm32f4xx_adc.o
    0x08000952   0x08000952   0x00000002   PAD
    0x08000954   0x08000954   0x00000030   Code   RO          223    i.ADC_CommonInit    stm32f4xx_adc.o
    0x08000984   0x08000984   0x00000016   Code   RO          226    i.ADC_DMACmd        stm32f4xx_adc.o
    0x0800099a   0x0800099a   0x00000016   Code   RO          227    i.ADC_DMARequestAfterLastTransferCmd  stm32f4xx_adc.o
    0x080009b0   0x080009b0   0x00000054   Code   RO          242    i.ADC_Init          stm32f4xx_adc.o
    0x08000a04   0x08000a04   0x000000b8   Code   RO          247    i.ADC_RegularChannelConfig  stm32f4xx_adc.o
    0x08000abc   0x08000abc   0x00000014   Code   RO          251    i.ADC_StructInit    stm32f4xx_adc.o
    0x08000ad0   0x08000ad0   0x000000b0   Code   RO         5384    i.DEBUG_USART_1_Config  bsp_debug_usart.o
    0x08000b80   0x08000b80   0x000000a4   Code   RO         5385    i.DEBUG_USART_2_Config  bsp_debug_usart.o
    0x08000c24   0x08000c24   0x00000034   Code   RO         5302    i.DMA2_Stream0_IRQHandler  stm32f4xx_it.o
    0x08000c58   0x08000c58   0x00000034   Code   RO         1220    i.DMA_ClearFlag     stm32f4xx_dma.o
    0x08000c8c   0x08000c8c   0x00000034   Code   RO         1221    i.DMA_ClearITPendingBit  stm32f4xx_dma.o
    0x08000cc0   0x08000cc0   0x00000016   Code   RO         1222    i.DMA_Cmd           stm32f4xx_dma.o
    0x08000cd6   0x08000cd6   0x00000002   PAD
    0x08000cd8   0x08000cd8   0x00000064   Code   RO         1232    i.DMA_GetITStatus   stm32f4xx_dma.o
    0x08000d3c   0x08000d3c   0x0000003a   Code   RO         1233    i.DMA_ITConfig      stm32f4xx_dma.o
    0x08000d76   0x08000d76   0x00000002   PAD
    0x08000d78   0x08000d78   0x00000058   Code   RO         1234    i.DMA_Init          stm32f4xx_dma.o
    0x08000dd0   0x08000dd0   0x00000010   Code   RO         5386    i.Debug_USART_Config  bsp_debug_usart.o
    0x08000de0   0x08000de0   0x00000018   Code   RO         5576    i.Delay_us          bsp_systick.o
    0x08000df8   0x08000df8   0x0000001c   Code   RO         5303    i.EXTI0_IRQHandler  stm32f4xx_it.o
    0x08000e14   0x08000e14   0x0000000c   Code   RO         1485    i.EXTI_ClearITPendingBit  stm32f4xx_exti.o
    0x08000e20   0x08000e20   0x00000018   Code   RO         1489    i.EXTI_GetITStatus  stm32f4xx_exti.o
    0x08000e38   0x08000e38   0x00000094   Code   RO         1490    i.EXTI_Init         stm32f4xx_exti.o
    0x08000ecc   0x08000ecc   0x00000058   Code   RO         5486    i.EXTI_Key_Config   key.o
    0x08000f24   0x08000f24   0x00000048   Code   RO         1844    i.FMC_GetFlagStatus  stm32f4xx_fmc.o
    0x08000f6c   0x08000f6c   0x00000020   Code   RO         1861    i.FMC_SDRAMCmdConfig  stm32f4xx_fmc.o
    0x08000f8c   0x08000f8c   0x00000144   Code   RO         1863    i.FMC_SDRAMInit     stm32f4xx_fmc.o
    0x080010d0   0x080010d0   0x00000018   Code   RO         1867    i.FMC_SetRefreshCount  stm32f4xx_fmc.o
    0x080010e8   0x080010e8   0x00000090   Code   RO         2046    i.GPIO_Init         stm32f4xx_gpio.o
    0x08001178   0x08001178   0x00000046   Code   RO         2047    i.GPIO_PinAFConfig  stm32f4xx_gpio.o
    0x080011be   0x080011be   0x00000044   Code   RO         5387    i.NVIC_Configuration  bsp_debug_usart.o
    0x08001202   0x08001202   0x00000026   Code   RO         5487    i.NVIC_Configuration  key.o
    0x08001228   0x08001228   0x00000078   Code   RO          164    i.NVIC_Init         misc.o
    0x080012a0   0x080012a0   0x00000014   Code   RO          165    i.NVIC_PriorityGroupConfig  misc.o
    0x080012b4   0x080012b4   0x00000020   Code   RO         2960    i.RCC_AHB1PeriphClockCmd  stm32f4xx_rcc.o
    0x080012d4   0x080012d4   0x00000020   Code   RO         2966    i.RCC_AHB3PeriphClockCmd  stm32f4xx_rcc.o
    0x080012f4   0x080012f4   0x00000020   Code   RO         2969    i.RCC_APB1PeriphClockCmd  stm32f4xx_rcc.o
    0x08001314   0x08001314   0x00000020   Code   RO         2972    i.RCC_APB2PeriphClockCmd  stm32f4xx_rcc.o
    0x08001334   0x08001334   0x000000e8   Code   RO         2981    i.RCC_GetClocksFreq  stm32f4xx_rcc.o
    0x0800141c   0x0800141c   0x00000028   Code   RO         5540    i.Rheostat_ADC_GPIO_Config  bsp_adc.o
    0x08001444   0x08001444   0x00000120   Code   RO         5541    i.Rheostat_ADC_Mode_Config  bsp_adc.o
    0x08001564   0x08001564   0x000003a4   Code   RO         5642    i.SDRAM_GPIO_Config  bsp_sdram.o
    0x08001908   0x08001908   0x00000064   Code   RO         5643    i.SDRAM_Init        bsp_sdram.o
    0x0800196c   0x0800196c   0x000000b0   Code   RO         5644    i.SDRAM_InitSequence  bsp_sdram.o
    0x08001a1c   0x08001a1c   0x00000024   Code   RO         5648    i.SDRAM_delay       bsp_sdram.o
    0x08001a40   0x08001a40   0x00000016   Code   RO         5702    i.SWAP              hadamard.o
    0x08001a56   0x08001a56   0x00000002   PAD
    0x08001a58   0x08001a58   0x00000040   Code   RO         4280    i.SYSCFG_EXTILineConfig  stm32f4xx_syscfg.o
    0x08001a98   0x08001a98   0x00000120   Code   RO           13    i.SetSysClock       system_stm32f4xx.o
    0x08001bb8   0x08001bb8   0x00000008   Code   RO         5304    i.SysTick_Handler   stm32f4xx_it.o
    0x08001bc0   0x08001bc0   0x00000068   Code   RO         5577    i.SysTick_Init      bsp_systick.o
    0x08001c28   0x08001c28   0x00000068   Code   RO           15    i.SystemInit        system_stm32f4xx.o
    0x08001c90   0x08001c90   0x000000f4   Code   RO         5456    i.TIM1_GPIO_Config  bsp_time.o
    0x08001d84   0x08001d84   0x0000007c   Code   RO         5305    i.TIM1_UP_TIM10_IRQHandler  stm32f4xx_it.o
    0x08001e00   0x08001e00   0x00000108   Code   RO         5457    i.TIM8_ADC_Config   bsp_time.o
    0x08001f08   0x08001f08   0x00000074   Code   RO         5306    i.TIM8_UP_TIM13_IRQHandler  stm32f4xx_it.o
    0x08001f7c   0x08001f7c   0x00000006   Code   RO         4347    i.TIM_ClearFlag     stm32f4xx_tim.o
    0x08001f82   0x08001f82   0x00000006   Code   RO         4348    i.TIM_ClearITPendingBit  stm32f4xx_tim.o
    0x08001f88   0x08001f88   0x00000018   Code   RO         4353    i.TIM_Cmd           stm32f4xx_tim.o
    0x08001fa0   0x08001fa0   0x0000001e   Code   RO         4355    i.TIM_CtrlPWMOutputs  stm32f4xx_tim.o
    0x08001fbe   0x08001fbe   0x00000012   Code   RO         4356    i.TIM_DMACmd        stm32f4xx_tim.o
    0x08001fd0   0x08001fd0   0x00000022   Code   RO         4374    i.TIM_GetITStatus   stm32f4xx_tim.o
    0x08001ff2   0x08001ff2   0x00000012   Code   RO         4378    i.TIM_ITConfig      stm32f4xx_tim.o
    0x08002004   0x08002004   0x0000007c   Code   RO         4382    i.TIM_OC1Init       stm32f4xx_tim.o
    0x08002080   0x08002080   0x00000012   Code   RO         4385    i.TIM_OC1PreloadConfig  stm32f4xx_tim.o
    0x08002092   0x08002092   0x00000012   Code   RO         4407    i.TIM_SelectInputTrigger  stm32f4xx_tim.o
    0x080020a4   0x080020a4   0x00000012   Code   RO         4408    i.TIM_SelectMasterSlaveMode  stm32f4xx_tim.o
    0x080020b6   0x080020b6   0x00000012   Code   RO         4411    i.TIM_SelectOutputTrigger  stm32f4xx_tim.o
    0x080020c8   0x080020c8   0x00000012   Code   RO         4412    i.TIM_SelectSlaveMode  stm32f4xx_tim.o
    0x080020da   0x080020da   0x00000002   PAD
    0x080020dc   0x080020dc   0x00000084   Code   RO         4425    i.TIM_TimeBaseInit  stm32f4xx_tim.o
    0x08002160   0x08002160   0x00000018   Code   RO         5578    i.TimingDelay_Decrement  bsp_systick.o
    0x08002178   0x08002178   0x00000018   Code   RO         4907    i.USART_Cmd         stm32f4xx_usart.o
    0x08002190   0x08002190   0x0000001a   Code   RO         4910    i.USART_GetFlagStatus  stm32f4xx_usart.o
    0x080021aa   0x080021aa   0x0000004a   Code   RO         4913    i.USART_ITConfig    stm32f4xx_usart.o
    0x080021f4   0x080021f4   0x000000d4   Code   RO         4914    i.USART_Init        stm32f4xx_usart.o
    0x080022c8   0x080022c8   0x00000008   Code   RO         4924    i.USART_SendData    stm32f4xx_usart.o
    0x080022d0   0x080022d0   0x00000020   Code   RO         6625    i.__0printf         mc_w.l(printfa.o)
    0x080022f0   0x080022f0   0x00000030   Code   RO         6721    i.__ARM_fpclassify  m_wm.l(fpclassify.o)
    0x08002320   0x08002320   0x00000c50   Code   RO         6373    i.__hardfp_pow      m_wm.l(pow.o)
    0x08002f70   0x08002f70   0x000000f8   Code   RO         6723    i.__kernel_poly     m_wm.l(poly.o)
    0x08003068   0x08003068   0x00000030   Code   RO         6701    i.__mathlib_dbl_divzero  m_wm.l(dunder.o)
    0x08003098   0x08003098   0x00000014   Code   RO         6703    i.__mathlib_dbl_infnan2  m_wm.l(dunder.o)
    0x080030ac   0x080030ac   0x00000004   PAD
    0x080030b0   0x080030b0   0x00000020   Code   RO         6704    i.__mathlib_dbl_invalid  m_wm.l(dunder.o)
    0x080030d0   0x080030d0   0x00000020   Code   RO         6705    i.__mathlib_dbl_overflow  m_wm.l(dunder.o)
    0x080030f0   0x080030f0   0x00000020   Code   RO         6707    i.__mathlib_dbl_underflow  m_wm.l(dunder.o)
    0x08003110   0x08003110   0x0000000e   Code   RO         6789    i.__scatterload_copy  mc_w.l(handlers.o)
    0x0800311e   0x0800311e   0x00000002   Code   RO         6790    i.__scatterload_null  mc_w.l(handlers.o)
    0x08003120   0x08003120   0x0000000e   Code   RO         6791    i.__scatterload_zeroinit  mc_w.l(handlers.o)
    0x0800312e   0x0800312e   0x00000002   PAD
    0x08003130   0x08003130   0x0000000c   Code   RO         6771    i.__set_errno       mc_w.l(errno.o)
    0x0800313c   0x0800313c   0x00000184   Code   RO         6632    i._fp_digits        mc_w.l(printfa.o)
    0x080032c0   0x080032c0   0x000006dc   Code   RO         6633    i._printf_core      mc_w.l(printfa.o)
    0x0800399c   0x0800399c   0x00000024   Code   RO         6634    i._printf_post_padding  mc_w.l(printfa.o)
    0x080039c0   0x080039c0   0x0000002e   Code   RO         6635    i._printf_pre_padding  mc_w.l(printfa.o)
    0x080039ee   0x080039ee   0x00000008   Code   RO         5920    i.arm_mat_init_f32  arm_mat_init_f32.o
    0x080039f6   0x080039f6   0x00000002   PAD
    0x080039f8   0x080039f8   0x00000048   Code   RO         5161    i.arraycircShift    main.o
    0x08003a40   0x08003a40   0x000000c8   Code   RO         5162    i.beginSample       main.o
    0x08003b08   0x08003b08   0x000000c4   Code   RO         5703    i.calculate         hadamard.o
    0x08003bcc   0x08003bcc   0x00000068   Code   RO         5704    i.createInverseMatrix  hadamard.o
    0x08003c34   0x08003c34   0x00000018   Code   RO         6717    i.fabs              m_wm.l(fabs.o)
    0x08003c4c   0x08003c4c   0x00000024   Code   RO         5392    i.fputc             bsp_debug_usart.o
    0x08003c70   0x08003c70   0x00000050   Code   RO         6653    i.free              mc_w.l(malloc.o)
    0x08003cc0   0x08003cc0   0x000000cc   Code   RO         5163    i.getAverageSignal  main.o
    0x08003d8c   0x08003d8c   0x0000002e   Code   RO         5164    i.getOverlopSignal  main.o
    0x08003dba   0x08003dba   0x00000002   PAD
    0x08003dbc   0x08003dbc   0x0000023c   Code   RO         5705    i.hadamard          hadamard.o
    0x08003ff8   0x08003ff8   0x000002f0   Code   RO         5165    i.main              main.o
    0x080042e8   0x080042e8   0x0000006c   Code   RO         6654    i.malloc            mc_w.l(malloc.o)
    0x08004354   0x08004354   0x000000f4   Code   RO         5706    i.prbs              hadamard.o
    0x08004448   0x08004448   0x00000064   Code   RO         5166    i.productSendSequence  main.o
    0x080044ac   0x080044ac   0x00000064   Code   RO         5170    i.showRecoverySignal  main.o
    0x08004510   0x08004510   0x00000048   Code   RO         5171    i.showResultSignal  main.o
    0x08004558   0x08004558   0x0000006e   Code   RO         6728    i.sqrt              m_wm.l(sqrt.o)
    0x080045c6   0x080045c6   0x0000003a   Code   RO         5707    i.transposingMatrix  hadamard.o
    0x08004600   0x08004600   0x00000088   Data   RO         6376    .constdata          m_wm.l(pow.o)
    0x08004688   0x08004688   0x00000008   Data   RO         6725    .constdata          m_wm.l(qnan.o)
    0x08004690   0x08004690   0x00000030   Data   RO         6787    Region$$Table       anon$$obj.o


    Execution Region RW_IRAM1 (Exec base: 0x20000000, Load base: 0x080046c0, Size: 0x00000618, Max: 0x00030000, ABSOLUTE, COMPRESSED[0x0000005c])

    Exec Addr    Load Addr    Size         Type   Attr      Idx    E Section Name        Object

    0x20000000   COMPRESSED   0x00000014   Data   RW           16    .data               system_stm32f4xx.o
    0x20000014   COMPRESSED   0x00000010   Data   RW         3013    .data               stm32f4xx_rcc.o
    0x20000024   COMPRESSED   0x000001dc   Data   RW         5173    .data               main.o
    0x20000200   COMPRESSED   0x00000004   Data   RW         5542    .data               bsp_adc.o
    0x20000204   COMPRESSED   0x00000004   Data   RW         5579    .data               bsp_systick.o
    0x20000208   COMPRESSED   0x00000004   Data   RW         6752    .data               mc_w.l(stdout.o)
    0x2000020c   COMPRESSED   0x00000004   Data   RW         6767    .data               mc_w.l(mvars.o)
    0x20000210   COMPRESSED   0x00000004   Data   RW         6768    .data               mc_w.l(mvars.o)
    0x20000214   COMPRESSED   0x00000004   Data   RW         6772    .data               mc_w.l(errno.o)
    0x20000218        -       0x00000400   Zero   RW            1    STACK               startup_stm32f429_439xx.o


    Execution Region RW_ERAM1 (Exec base: 0xd0000000, Load base: 0x0800471c, Size: 0x00000200, Max: 0x04000000, ABSOLUTE)

    Exec Addr    Load Addr    Size         Type   Attr      Idx    E Section Name        Object

    0xd0000000        -       0x00000200   Zero   RW            2    HEAP                startup_stm32f429_439xx.o


==============================================================================

Image component sizes


      Code (inc. data)   RO Data    RW Data    ZI Data      Debug   Object Name

         8          0          0          0          0       1019   arm_mat_init_f32.o
       344         20          0          4          0       2568   bsp_adc.o
       460         24          0          0          0       3089   bsp_debug_usart.o
      1244         28          0          0          0       3189   bsp_sdram.o
       152         26          0          4          0      28785   bsp_systick.o
       508         26          0          0          0       1921   bsp_time.o
      1196        142          0          0          0       6491   hadamard.o
       126          6          0          0          0       1114   key.o
      1546        234          0        476          0      23865   main.o
       140         24          0          0          0       1795   misc.o
        44         12        428          0       1536        988   startup_stm32f429_439xx.o
       402         24          0          0          0       6140   stm32f4xx_adc.o
       372         52          0          0          0       5630   stm32f4xx_dma.o
       184         16          0          0          0       2432   stm32f4xx_exti.o
       452         20          0          0          0       3903   stm32f4xx_fmc.o
       214          0          0          0          0       2031   stm32f4xx_gpio.o
       328         58          0          0          0       2725   stm32f4xx_it.o
       360         42          0         16          0       5736   stm32f4xx_rcc.o
        64          4          0          0          0        728   stm32f4xx_syscfg.o
       482         38          0          0          0      10270   stm32f4xx_tim.o
       344          8          0          0          0       4605   stm32f4xx_usart.o
       392         32          0         20          0     339825   system_stm32f4xx.o

    ----------------------------------------------------------------------
      9376        836        476        520       1536     458849   Object Totals
         0          0         48          0          0          0   (incl. Generated)
        14          0          0          0          0          0   (incl. Padding)

    ----------------------------------------------------------------------

      Code (inc. data)   RO Data    RW Data    ZI Data      Debug   Library Member Name

       164         44          0          0          0        620   dunder.o
        24          0          0          0          0        124   fabs.o
        48          0          0          0          0        124   fpclassify.o
       248          0          0          0          0        152   poly.o
      3152        296        136          0          0        352   pow.o
         0          0          8          0          0          0   qnan.o
       110          0          0          0          0        148   sqrt.o
        86          0          0          0          0          0   __dczerorl2.o
         0          0          0          0          0          0   entry.o
         0          0          0          0          0          0   entry10a.o
         0          0          0          0          0          0   entry11a.o
         8          4          0          0          0          0   entry2.o
         4          0          0          0          0          0   entry5.o
         0          0          0          0          0          0   entry7b.o
         0          0          0          0          0          0   entry8b.o
         8          4          0          0          0          0   entry9a.o
        12          6          0          4          0         68   errno.o
        30          0          0          0          0          0   handlers.o
        36          8          0          0          0         68   init.o
         0          0          0          0          0          0   iusefp.o
        30          0          0          0          0         68   llshl.o
        36          0          0          0          0         68   llsshr.o
        32          0          0          0          0         68   llushr.o
       188         20          0          0          0        160   malloc.o
        36          0          0          0          0        108   memseta.o
         0          0          0          8          0          0   mvars.o
      2258         90          0          0          0        452   printfa.o
         0          0          0          4          0          0   stdout.o
        44          0          0          0          0         80   uidiv.o
        98          0          0          0          0         92   uldiv.o
        48          0          0          0          0         68   cdcmple.o
        48          0          0          0          0         68   cdrcmple.o
       334          0          0          0          0        148   dadd.o
       222          0          0          0          0        100   ddiv.o
       186          0          0          0          0        176   depilogue.o
        62          0          0          0          0         80   dfixi.o
        48          0          0          0          0         68   dfixul.o
        34          0          0          0          0         76   dflti.o
       228          0          0          0          0         96   dmul.o
        46          0          0          0          0         80   dscalb.o
       162          0          0          0          0        100   dsqrt.o
        38          0          0          0          0         68   f2d.o

    ----------------------------------------------------------------------
      8116        472        144         16          0       3880   Library Totals
         8          0          0          0          0          0   (incl. Padding)

    ----------------------------------------------------------------------

      Code (inc. data)   RO Data    RW Data    ZI Data      Debug   Library Name

      3746        340        144          0          0       1520   m_wm.l
      2906        132          0         16          0       1232   mc_w.l
      1456          0          0          0          0       1128   mf_w.l

    ----------------------------------------------------------------------
      8116        472        144         16          0       3880   Library Totals

    ----------------------------------------------------------------------

==============================================================================


      Code (inc. data)   RO Data    RW Data    ZI Data      Debug   

     17492       1308        620        536       1536     452617   Grand Totals
     17492       1308        620         92       1536     452617   ELF Image Totals (compressed)
     17492       1308        620         92          0          0   ROM Totals

==============================================================================

    Total RO  Size (Code + RO Data)                18112 (  17.69kB)
    Total RW  Size (RW Data + ZI Data)              2072 (   2.02kB)
    Total ROM Size (Code + RO Data + RW Data)      18204 (  17.78kB)

==============================================================================

